[2026-07-30 12:01:37.994] [jointLog] [info] setting maxHashResizeThreads to 16
[2026-07-30 12:01:37.994] [jointLog] [info] Fragment incompatibility prior below threshold.  Incompatible fragments will be ignored.
[2026-07-30 12:01:37.994] [jointLog] [info] Usage of --validateMappings implies use of minScoreFraction. Since not explicitly specified, it is being set to 0.65
[2026-07-30 12:01:37.994] [jointLog] [info] Setting consensusSlack to selective-alignment default of 0.35.
[2026-07-30 12:01:37.994] [jointLog] [info] parsing read library format
[2026-07-30 12:01:37.995] [jointLog] [info] There is 1 library.
[2026-07-30 12:01:37.995] [jointLog] [info] Loading pufferfish index
[2026-07-30 12:01:37.995] [jointLog] [info] Loading dense pufferfish index.
[2026-07-30 12:01:39.014] [jointLog] [info] done
[2026-07-30 12:01:39.035] [jointLog] [info] Index contained 25,070 targets
[2026-07-30 12:01:39.218] [jointLog] [info] Number of decoys : 41
[2026-07-30 12:01:39.218] [jointLog] [info] First decoy index : 25,029 
[2026-07-30 12:02:50.059] [jointLog] [info] Thread saw mini-batch with a maximum of 0.40% zero probability fragments
[2026-07-30 12:02:50.089] [jointLog] [info] Thread saw mini-batch with a maximum of 0.44% zero probability fragments
[2026-07-30 12:02:50.096] [jointLog] [info] Thread saw mini-batch with a maximum of 0.44% zero probability fragments
[2026-07-30 12:02:50.125] [jointLog] [info] Thread saw mini-batch with a maximum of 0.40% zero probability fragments
[2026-07-30 12:02:50.133] [jointLog] [info] Thread saw mini-batch with a maximum of 0.40% zero probability fragments
[2026-07-30 12:02:50.138] [jointLog] [info] Thread saw mini-batch with a maximum of 0.44% zero probability fragments
[2026-07-30 12:02:50.146] [jointLog] [info] Thread saw mini-batch with a maximum of 0.50% zero probability fragments
[2026-07-30 12:02:50.151] [jointLog] [info] Thread saw mini-batch with a maximum of 0.42% zero probability fragments
[2026-07-30 12:02:50.168] [jointLog] [info] Thread saw mini-batch with a maximum of 0.44% zero probability fragments
[2026-07-30 12:02:50.174] [jointLog] [info] Thread saw mini-batch with a maximum of 0.46% zero probability fragments
[2026-07-30 12:02:50.175] [jointLog] [info] Thread saw mini-batch with a maximum of 0.42% zero probability fragments
[2026-07-30 12:02:50.180] [jointLog] [info] Thread saw mini-batch with a maximum of 0.38% zero probability fragments
[2026-07-30 12:02:50.181] [jointLog] [info] Thread saw mini-batch with a maximum of 0.36% zero probability fragments
[2026-07-30 12:02:50.199] [jointLog] [info] Thread saw mini-batch with a maximum of 0.38% zero probability fragments
[2026-07-30 12:02:50.208] [jointLog] [info] Thread saw mini-batch with a maximum of 0.44% zero probability fragments
[2026-07-30 12:02:50.221] [jointLog] [info] Thread saw mini-batch with a maximum of 0.46% zero probability fragments
[2026-07-30 12:02:50.252] [jointLog] [info] Computed 31,955 rich equivalence classes for further processing
[2026-07-30 12:02:50.252] [jointLog] [info] Counted 28,904,044 total reads in the equivalence classes 
[2026-07-30 12:02:50.256] [jointLog] [info] Number of mappings discarded because of alignment score : 16,973,006
[2026-07-30 12:02:50.256] [jointLog] [info] Number of fragments entirely discarded because of alignment score : 1,353,648
[2026-07-30 12:02:50.256] [jointLog] [info] Number of fragments discarded because they are best-mapped to decoys : 489,611
[2026-07-30 12:02:50.256] [jointLog] [info] Number of fragments discarded because they have only dovetail (discordant) mappings to valid targets : 427,463
[2026-07-30 12:02:50.256] [jointLog] [info] Mapping rate = 91.0888%

[2026-07-30 12:02:50.256] [jointLog] [info] finished quantifyLibrary()
[2026-07-30 12:02:50.256] [jointLog] [info] Starting optimizer
[2026-07-30 12:02:50.260] [jointLog] [info] Marked 0 weighted equivalence classes as degenerate
[2026-07-30 12:02:50.261] [jointLog] [info] iteration = 0 | max rel diff. = 30009.5
[2026-07-30 12:02:50.265] [jointLog] [info] iteration 11, adjusting effective lengths to account for biases
[2026-07-30 12:02:50.252] [fileLog] [info] 
At end of round 0
==================
Observed 31731733 total fragments (31731733 in most recent round)

[2026-07-30 12:02:52.428] [jointLog] [info] Computed expected counts (for bias correction)
[2026-07-30 12:02:52.428] [jointLog] [info] processed bias for 0.0% of the transcripts
[2026-07-30 12:02:52.607] [jointLog] [info] processed bias for 10.0% of the transcripts
[2026-07-30 12:02:52.778] [jointLog] [info] processed bias for 20.0% of the transcripts
[2026-07-30 12:02:52.967] [jointLog] [info] processed bias for 30.0% of the transcripts
[2026-07-30 12:02:53.167] [jointLog] [info] processed bias for 40.0% of the transcripts
[2026-07-30 12:02:53.353] [jointLog] [info] processed bias for 50.0% of the transcripts
[2026-07-30 12:02:53.529] [jointLog] [info] processed bias for 60.0% of the transcripts
[2026-07-30 12:02:53.716] [jointLog] [info] processed bias for 70.0% of the transcripts
[2026-07-30 12:02:53.889] [jointLog] [info] processed bias for 80.0% of the transcripts
[2026-07-30 12:02:54.054] [jointLog] [info] processed bias for 90.0% of the transcripts
[2026-07-30 12:02:54.297] [jointLog] [info] processed bias for 100.0% of the transcripts
[2026-07-30 12:02:54.329] [jointLog] [info] iteration = 100 | max rel diff. = 11.4616
[2026-07-30 12:02:54.362] [jointLog] [info] iteration = 200 | max rel diff. = 1.35544
[2026-07-30 12:02:54.396] [jointLog] [info] iteration = 300 | max rel diff. = 0.494369
[2026-07-30 12:02:54.429] [jointLog] [info] iteration = 400 | max rel diff. = 10.3868
[2026-07-30 12:02:54.462] [jointLog] [info] iteration = 500 | max rel diff. = 0.40255
[2026-07-30 12:02:54.495] [jointLog] [info] iteration = 600 | max rel diff. = 0.0583532
[2026-07-30 12:02:54.528] [jointLog] [info] iteration = 700 | max rel diff. = 0.21703
[2026-07-30 12:02:54.562] [jointLog] [info] iteration = 800 | max rel diff. = 0.116323
[2026-07-30 12:02:54.579] [jointLog] [info] iteration = 853 | max rel diff. = 0.0082052
[2026-07-30 12:02:54.579] [jointLog] [info] Finished optimizer
[2026-07-30 12:02:54.579] [jointLog] [info] writing output 

