[2026-07-30 12:13:37.146] [jointLog] [info] setting maxHashResizeThreads to 16
[2026-07-30 12:13:37.146] [jointLog] [info] Fragment incompatibility prior below threshold.  Incompatible fragments will be ignored.
[2026-07-30 12:13:37.146] [jointLog] [info] Usage of --validateMappings implies use of minScoreFraction. Since not explicitly specified, it is being set to 0.65
[2026-07-30 12:13:37.146] [jointLog] [info] Setting consensusSlack to selective-alignment default of 0.35.
[2026-07-30 12:13:37.146] [jointLog] [info] parsing read library format
[2026-07-30 12:13:37.146] [jointLog] [info] There is 1 library.
[2026-07-30 12:13:37.146] [jointLog] [info] Loading pufferfish index
[2026-07-30 12:13:37.146] [jointLog] [info] Loading dense pufferfish index.
[2026-07-30 12:13:38.173] [jointLog] [info] done
[2026-07-30 12:13:38.188] [jointLog] [info] Index contained 25,070 targets
[2026-07-30 12:13:38.370] [jointLog] [info] Number of decoys : 41
[2026-07-30 12:13:38.370] [jointLog] [info] First decoy index : 25,029 
[2026-07-30 12:14:39.799] [jointLog] [info] Thread saw mini-batch with a maximum of 0.30% zero probability fragments
[2026-07-30 12:14:39.803] [jointLog] [info] Thread saw mini-batch with a maximum of 0.32% zero probability fragments
[2026-07-30 12:14:39.834] [jointLog] [info] Thread saw mini-batch with a maximum of 0.38% zero probability fragments
[2026-07-30 12:14:39.846] [jointLog] [info] Thread saw mini-batch with a maximum of 0.32% zero probability fragments
[2026-07-30 12:14:39.847] [jointLog] [info] Thread saw mini-batch with a maximum of 0.28% zero probability fragments
[2026-07-30 12:14:39.848] [jointLog] [info] Thread saw mini-batch with a maximum of 0.34% zero probability fragments
[2026-07-30 12:14:39.855] [jointLog] [info] Thread saw mini-batch with a maximum of 0.36% zero probability fragments
[2026-07-30 12:14:39.867] [jointLog] [info] Thread saw mini-batch with a maximum of 0.30% zero probability fragments
[2026-07-30 12:14:39.870] [jointLog] [info] Thread saw mini-batch with a maximum of 0.32% zero probability fragments
[2026-07-30 12:14:39.885] [jointLog] [info] Thread saw mini-batch with a maximum of 0.32% zero probability fragments
[2026-07-30 12:14:39.888] [jointLog] [info] Thread saw mini-batch with a maximum of 0.32% zero probability fragments
[2026-07-30 12:14:39.892] [jointLog] [info] Thread saw mini-batch with a maximum of 0.40% zero probability fragments
[2026-07-30 12:14:39.910] [jointLog] [info] Thread saw mini-batch with a maximum of 0.32% zero probability fragments
[2026-07-30 12:14:39.915] [jointLog] [info] Thread saw mini-batch with a maximum of 0.36% zero probability fragments
[2026-07-30 12:14:39.919] [jointLog] [info] Thread saw mini-batch with a maximum of 0.34% zero probability fragments
[2026-07-30 12:14:39.934] [jointLog] [info] Thread saw mini-batch with a maximum of 0.28% zero probability fragments
[2026-07-30 12:14:39.960] [jointLog] [info] Computed 18,088 rich equivalence classes for further processing
[2026-07-30 12:14:39.960] [jointLog] [info] Counted 23,889,457 total reads in the equivalence classes 
[2026-07-30 12:14:39.966] [jointLog] [info] Number of mappings discarded because of alignment score : 12,649,814
[2026-07-30 12:14:39.966] [jointLog] [info] Number of fragments entirely discarded because of alignment score : 1,257,497
[2026-07-30 12:14:39.966] [jointLog] [info] Number of fragments discarded because they are best-mapped to decoys : 519,250
[2026-07-30 12:14:39.966] [jointLog] [info] Number of fragments discarded because they have only dovetail (discordant) mappings to valid targets : 73,685
[2026-07-30 12:14:39.966] [jointLog] [info] Mapping rate = 86.7265%

[2026-07-30 12:14:39.966] [jointLog] [info] finished quantifyLibrary()
[2026-07-30 12:14:39.966] [jointLog] [info] Starting optimizer
[2026-07-30 12:14:39.969] [jointLog] [info] Marked 0 weighted equivalence classes as degenerate
[2026-07-30 12:14:39.970] [jointLog] [info] iteration = 0 | max rel diff. = 14034.8
[2026-07-30 12:14:39.974] [jointLog] [info] iteration 11, adjusting effective lengths to account for biases
[2026-07-30 12:14:39.961] [fileLog] [info] 
At end of round 0
==================
Observed 27545739 total fragments (27545739 in most recent round)

[2026-07-30 12:14:41.656] [jointLog] [info] Computed expected counts (for bias correction)
[2026-07-30 12:14:41.656] [jointLog] [info] processed bias for 0.0% of the transcripts
[2026-07-30 12:14:41.793] [jointLog] [info] processed bias for 10.0% of the transcripts
[2026-07-30 12:14:41.933] [jointLog] [info] processed bias for 20.0% of the transcripts
[2026-07-30 12:14:42.082] [jointLog] [info] processed bias for 30.0% of the transcripts
[2026-07-30 12:14:42.233] [jointLog] [info] processed bias for 40.0% of the transcripts
[2026-07-30 12:14:42.359] [jointLog] [info] processed bias for 50.0% of the transcripts
[2026-07-30 12:14:42.518] [jointLog] [info] processed bias for 60.0% of the transcripts
[2026-07-30 12:14:42.652] [jointLog] [info] processed bias for 70.0% of the transcripts
[2026-07-30 12:14:42.816] [jointLog] [info] processed bias for 80.0% of the transcripts
[2026-07-30 12:14:42.982] [jointLog] [info] processed bias for 90.0% of the transcripts
[2026-07-30 12:14:43.170] [jointLog] [info] processed bias for 100.0% of the transcripts
[2026-07-30 12:14:43.175] [jointLog] [info] processed bias for 100.0% of the transcripts
[2026-07-30 12:14:43.209] [jointLog] [info] iteration = 100 | max rel diff. = 19.9793
[2026-07-30 12:14:43.238] [jointLog] [info] iteration = 200 | max rel diff. = 6.39801
[2026-07-30 12:14:43.266] [jointLog] [info] iteration = 300 | max rel diff. = 16.3908
[2026-07-30 12:14:43.295] [jointLog] [info] iteration = 400 | max rel diff. = 0.232523
[2026-07-30 12:14:43.323] [jointLog] [info] iteration = 500 | max rel diff. = 0.613035
[2026-07-30 12:14:43.352] [jointLog] [info] iteration = 600 | max rel diff. = 0.279586
[2026-07-30 12:14:43.380] [jointLog] [info] iteration = 700 | max rel diff. = 0.341251
[2026-07-30 12:14:43.409] [jointLog] [info] iteration = 800 | max rel diff. = 0.0763502
[2026-07-30 12:14:43.437] [jointLog] [info] iteration = 900 | max rel diff. = 0.0606546
[2026-07-30 12:14:43.466] [jointLog] [info] iteration = 1,000 | max rel diff. = 0.348662
[2026-07-30 12:14:43.470] [jointLog] [info] iteration = 1,015 | max rel diff. = 0.00390027
[2026-07-30 12:14:43.470] [jointLog] [info] Finished optimizer
[2026-07-30 12:14:43.470] [jointLog] [info] writing output 

