                                 Started job on |	Jul 30 03:23:37
                             Started mapping on |	Jul 30 03:31:28
                                    Finished on |	Jul 30 04:22:39
       Mapping speed, Million of reads per hour |	37.20

                          Number of input reads |	31731733
                      Average input read length |	292
                                    UNIQUE READS:
                   Uniquely mapped reads number |	26132070
                        Uniquely mapped reads % |	82.35%
                          Average mapped length |	286.99
                       Number of splices: Total |	22890218
            Number of splices: Annotated (sjdb) |	22709600
                       Number of splices: GT/AG |	22379312
                       Number of splices: GC/AG |	156947
                       Number of splices: AT/AC |	6425
               Number of splices: Non-canonical |	347534
                      Mismatch rate per base, % |	1.50%
                         Deletion rate per base |	0.03%
                        Deletion average length |	2.88
                        Insertion rate per base |	0.03%
                       Insertion average length |	3.06
                             MULTI-MAPPING READS:
        Number of reads mapped to multiple loci |	2506145
             % of reads mapped to multiple loci |	7.90%
        Number of reads mapped to too many loci |	88207
             % of reads mapped to too many loci |	0.28%
                                  UNMAPPED READS:
  Number of reads unmapped: too many mismatches |	0
       % of reads unmapped: too many mismatches |	0.00%
            Number of reads unmapped: too short |	2340031
                 % of reads unmapped: too short |	7.37%
                Number of reads unmapped: other |	665280
                     % of reads unmapped: other |	2.10%
                                  CHIMERIC READS:
                       Number of chimeric reads |	0
                            % of chimeric reads |	0.00%
