                                 Started job on |	Jul 30 01:34:34
                             Started mapping on |	Jul 30 01:43:18
                                    Finished on |	Jul 30 02:01:54
       Mapping speed, Million of reads per hour |	104.49

                          Number of input reads |	32392039
                      Average input read length |	289
                                    UNIQUE READS:
                   Uniquely mapped reads number |	28254003
                        Uniquely mapped reads % |	87.23%
                          Average mapped length |	284.63
                       Number of splices: Total |	29884406
            Number of splices: Annotated (sjdb) |	29774191
                       Number of splices: GT/AG |	29555417
                       Number of splices: GC/AG |	61168
                       Number of splices: AT/AC |	11197
               Number of splices: Non-canonical |	256624
                      Mismatch rate per base, % |	1.38%
                         Deletion rate per base |	0.04%
                        Deletion average length |	2.59
                        Insertion rate per base |	0.02%
                       Insertion average length |	2.63
                             MULTI-MAPPING READS:
        Number of reads mapped to multiple loci |	1476092
             % of reads mapped to multiple loci |	4.56%
        Number of reads mapped to too many loci |	150990
             % of reads mapped to too many loci |	0.47%
                                  UNMAPPED READS:
  Number of reads unmapped: too many mismatches |	0
       % of reads unmapped: too many mismatches |	0.00%
            Number of reads unmapped: too short |	2172407
                 % of reads unmapped: too short |	6.71%
                Number of reads unmapped: other |	338547
                     % of reads unmapped: other |	1.05%
                                  CHIMERIC READS:
                       Number of chimeric reads |	0
                            % of chimeric reads |	0.00%
