                                 Started job on |	Jul 30 02:42:28
                             Started mapping on |	Jul 30 02:48:57
                                    Finished on |	Jul 30 03:00:16
       Mapping speed, Million of reads per hour |	146.05

                          Number of input reads |	27545739
                      Average input read length |	292
                                    UNIQUE READS:
                   Uniquely mapped reads number |	23952572
                        Uniquely mapped reads % |	86.96%
                          Average mapped length |	286.68
                       Number of splices: Total |	25408075
            Number of splices: Annotated (sjdb) |	25333447
                       Number of splices: GT/AG |	25087170
                       Number of splices: GC/AG |	53890
                       Number of splices: AT/AC |	7338
               Number of splices: Non-canonical |	259677
                      Mismatch rate per base, % |	1.40%
                         Deletion rate per base |	0.04%
                        Deletion average length |	2.51
                        Insertion rate per base |	0.03%
                       Insertion average length |	2.83
                             MULTI-MAPPING READS:
        Number of reads mapped to multiple loci |	971171
             % of reads mapped to multiple loci |	3.53%
        Number of reads mapped to too many loci |	56324
             % of reads mapped to too many loci |	0.20%
                                  UNMAPPED READS:
  Number of reads unmapped: too many mismatches |	0
       % of reads unmapped: too many mismatches |	0.00%
            Number of reads unmapped: too short |	2307117
                 % of reads unmapped: too short |	8.38%
                Number of reads unmapped: other |	258555
                     % of reads unmapped: other |	0.94%
                                  CHIMERIC READS:
                       Number of chimeric reads |	0
                            % of chimeric reads |	0.00%
