                                 Started job on |	Jul 30 02:02:04
                             Started mapping on |	Jul 30 02:08:16
                                    Finished on |	Jul 30 02:19:59
       Mapping speed, Million of reads per hour |	132.42

                          Number of input reads |	25857875
                      Average input read length |	286
                                    UNIQUE READS:
                   Uniquely mapped reads number |	22219826
                        Uniquely mapped reads % |	85.93%
                          Average mapped length |	280.87
                       Number of splices: Total |	22737302
            Number of splices: Annotated (sjdb) |	22650373
                       Number of splices: GT/AG |	22405387
                       Number of splices: GC/AG |	71629
                       Number of splices: AT/AC |	8752
               Number of splices: Non-canonical |	251534
                      Mismatch rate per base, % |	1.32%
                         Deletion rate per base |	0.04%
                        Deletion average length |	2.54
                        Insertion rate per base |	0.03%
                       Insertion average length |	2.66
                             MULTI-MAPPING READS:
        Number of reads mapped to multiple loci |	1070621
             % of reads mapped to multiple loci |	4.14%
        Number of reads mapped to too many loci |	85409
             % of reads mapped to too many loci |	0.33%
                                  UNMAPPED READS:
  Number of reads unmapped: too many mismatches |	0
       % of reads unmapped: too many mismatches |	0.00%
            Number of reads unmapped: too short |	2215938
                 % of reads unmapped: too short |	8.57%
                Number of reads unmapped: other |	266081
                     % of reads unmapped: other |	1.03%
                                  CHIMERIC READS:
                       Number of chimeric reads |	0
                            % of chimeric reads |	0.00%
