                                 Started job on |	Jul 30 04:22:48
                             Started mapping on |	Jul 30 04:30:08
                                    Finished on |	Jul 30 05:47:10
       Mapping speed, Million of reads per hour |	24.25

                          Number of input reads |	31135510
                      Average input read length |	287
                                    UNIQUE READS:
                   Uniquely mapped reads number |	23225256
                        Uniquely mapped reads % |	74.59%
                          Average mapped length |	282.39
                       Number of splices: Total |	16735271
            Number of splices: Annotated (sjdb) |	16572986
                       Number of splices: GT/AG |	16283139
                       Number of splices: GC/AG |	116001
                       Number of splices: AT/AC |	3866
               Number of splices: Non-canonical |	332265
                      Mismatch rate per base, % |	1.53%
                         Deletion rate per base |	0.05%
                        Deletion average length |	2.69
                        Insertion rate per base |	0.03%
                       Insertion average length |	2.55
                             MULTI-MAPPING READS:
        Number of reads mapped to multiple loci |	2656112
             % of reads mapped to multiple loci |	8.53%
        Number of reads mapped to too many loci |	81891
             % of reads mapped to too many loci |	0.26%
                                  UNMAPPED READS:
  Number of reads unmapped: too many mismatches |	0
       % of reads unmapped: too many mismatches |	0.00%
            Number of reads unmapped: too short |	3055422
                 % of reads unmapped: too short |	9.81%
                Number of reads unmapped: other |	2116829
                     % of reads unmapped: other |	6.80%
                                  CHIMERIC READS:
                       Number of chimeric reads |	0
                            % of chimeric reads |	0.00%
