                                 Started job on |	Jul 30 06:35:56
                             Started mapping on |	Jul 30 06:41:10
                                    Finished on |	Jul 30 06:58:03
       Mapping speed, Million of reads per hour |	68.31

                          Number of input reads |	19221793
                      Average input read length |	290
                                    UNIQUE READS:
                   Uniquely mapped reads number |	15085990
                        Uniquely mapped reads % |	78.48%
                          Average mapped length |	284.81
                       Number of splices: Total |	10691972
            Number of splices: Annotated (sjdb) |	10607381
                       Number of splices: GT/AG |	10418152
                       Number of splices: GC/AG |	77916
                       Number of splices: AT/AC |	1806
               Number of splices: Non-canonical |	194098
                      Mismatch rate per base, % |	1.30%
                         Deletion rate per base |	0.06%
                        Deletion average length |	2.57
                        Insertion rate per base |	0.04%
                       Insertion average length |	2.52
                             MULTI-MAPPING READS:
        Number of reads mapped to multiple loci |	1032887
             % of reads mapped to multiple loci |	5.37%
        Number of reads mapped to too many loci |	46938
             % of reads mapped to too many loci |	0.24%
                                  UNMAPPED READS:
  Number of reads unmapped: too many mismatches |	0
       % of reads unmapped: too many mismatches |	0.00%
            Number of reads unmapped: too short |	2384570
                 % of reads unmapped: too short |	12.41%
                Number of reads unmapped: other |	671408
                     % of reads unmapped: other |	3.49%
                                  CHIMERIC READS:
                       Number of chimeric reads |	0
                            % of chimeric reads |	0.00%
