                                 Started job on |	Jul 30 00:46:43
                             Started mapping on |	Jul 30 00:54:20
                                    Finished on |	Jul 30 01:13:29
       Mapping speed, Million of reads per hour |	80.46

                          Number of input reads |	25678937
                      Average input read length |	293
                                    UNIQUE READS:
                   Uniquely mapped reads number |	21425878
                        Uniquely mapped reads % |	83.44%
                          Average mapped length |	288.50
                       Number of splices: Total |	21160774
            Number of splices: Annotated (sjdb) |	21073677
                       Number of splices: GT/AG |	20817586
                       Number of splices: GC/AG |	73743
                       Number of splices: AT/AC |	6234
               Number of splices: Non-canonical |	263211
                      Mismatch rate per base, % |	1.35%
                         Deletion rate per base |	0.04%
                        Deletion average length |	2.79
                        Insertion rate per base |	0.02%
                       Insertion average length |	2.55
                             MULTI-MAPPING READS:
        Number of reads mapped to multiple loci |	1672949
             % of reads mapped to multiple loci |	6.51%
        Number of reads mapped to too many loci |	127019
             % of reads mapped to too many loci |	0.49%
                                  UNMAPPED READS:
  Number of reads unmapped: too many mismatches |	0
       % of reads unmapped: too many mismatches |	0.00%
            Number of reads unmapped: too short |	1981566
                 % of reads unmapped: too short |	7.72%
                Number of reads unmapped: other |	471525
                     % of reads unmapped: other |	1.84%
                                  CHIMERIC READS:
                       Number of chimeric reads |	0
                            % of chimeric reads |	0.00%
