
        ==========     _____ _    _ ____  _____  ______          _____  
        =====         / ____| |  | |  _ \|  __ \|  ____|   /\   |  __ \ 
          =====      | (___ | |  | | |_) | |__) | |__     /  \  | |  | |
            ====      \___ \| |  | |  _ <|  _  /|  __|   / /\ \ | |  | |
              ====    ____) | |__| | |_) | | \ \| |____ / ____ \| |__| |
        ==========   |_____/ \____/|____/|_|  \_\______/_/    \_\_____/
	  v2.0.6

//================================= setting ==================================\\
||                                                                            ||
|| Function      : Read alignment (RNA-Seq)                                   ||
|| Input file 1  : ID-18_1.trimmed.fastq.gz                                   ||
|| Input file 2  : ID-18_2.trimmed.fastq.gz                                   ||
|| Output file   : ID-18.bam (BAM), Sorted                                    ||
|| Index name    : ilAntGemm2                                                 ||
||                                                                            ||
||                    ------------------------------------                    ||
||                                                                            ||
||                               Threads : 16                                 ||
||                          Phred offset : 33                                 ||
||               # of extracted subreads : 10                                 ||
||                        Min read1 vote : 3                                  ||
||                        Min read2 vote : 1                                  ||
||                     Max fragment size : 600                                ||
||                     Min fragment size : 50                                 ||
||                        Max mismatches : 3                                  ||
||                      Max indel length : 5                                  ||
||            Report multi-mapping reads : no                                 ||
|| Max alignments per multi-mapping read : 1                                  ||
||                                                                            ||
\\============================================================================//

//=============== Running (30-Jul-2026 00:23:50, pid=2581689) ================\\
||                                                                            ||
|| Check the input reads.                                                     ||
|| The input file contains base space reads.                                  ||
|| Initialise the memory objects.                                             ||
|| Estimate the mean read length.                                             ||
|| The range of Phred scores observed in the data is [2,40]                   ||
|| Create the output BAM file.                                                ||
|| Check the index.                                                           ||
|| Init the voting space.                                                     ||
|| Global environment is initialised.                                         ||
|| Load the 1-th index block...                                               ||
|| The index block has been loaded.                                           ||
|| Start read mapping in chunk.                                               ||
||    0% completed, 0,1 mins elapsed, rate=219,7k fragments per second        ||
||    6% completed, 0,2 mins elapsed, rate=225,7k fragments per second        ||
||   Estimated fragment length : 188 bp                                       ||
||    7% completed, 0,2 mins elapsed, rate=170,3k fragments per second        ||
||    7% completed, 0,2 mins elapsed, rate=171,9k fragments per second        ||
||    8% completed, 0,3 mins elapsed, rate=173,1k fragments per second        ||
||    8% completed, 0,3 mins elapsed, rate=174,8k fragments per second        ||
||    8% completed, 0,3 mins elapsed, rate=176,1k fragments per second        ||
||    9% completed, 0,3 mins elapsed, rate=177,5k fragments per second        ||
||    9% completed, 0,3 mins elapsed, rate=178,7k fragments per second        ||
||   10% completed, 0,3 mins elapsed, rate=179,9k fragments per second        ||
||   10% completed, 0,3 mins elapsed, rate=181,4k fragments per second        ||
|| Start read mapping in chunk.                                               ||
||   11% completed, 0,3 mins elapsed, rate=209,0k fragments per second        ||
||   17% completed, 0,5 mins elapsed, rate=218,3k fragments per second        ||
||   18% completed, 0,5 mins elapsed, rate=192,4k fragments per second        ||
||   18% completed, 0,5 mins elapsed, rate=192,2k fragments per second        ||
||   18% completed, 0,5 mins elapsed, rate=192,2k fragments per second        ||
||   19% completed, 0,5 mins elapsed, rate=192,1k fragments per second        ||
||   19% completed, 0,6 mins elapsed, rate=192,1k fragments per second        ||
||   19% completed, 0,6 mins elapsed, rate=192,1k fragments per second        ||
||   20% completed, 0,6 mins elapsed, rate=192,0k fragments per second        ||
||   20% completed, 0,6 mins elapsed, rate=191,7k fragments per second        ||
||   21% completed, 0,6 mins elapsed, rate=191,6k fragments per second        ||
||   21% completed, 0,6 mins elapsed, rate=191,6k fragments per second        ||
|| Start read mapping in chunk.                                               ||
||   21% completed, 0,6 mins elapsed, rate=205,9k fragments per second        ||
||   28% completed, 0,8 mins elapsed, rate=211,2k fragments per second        ||
||   29% completed, 0,8 mins elapsed, rate=194,6k fragments per second        ||
||   29% completed, 0,8 mins elapsed, rate=194,1k fragments per second        ||
||   29% completed, 0,8 mins elapsed, rate=193,6k fragments per second        ||
||   30% completed, 0,8 mins elapsed, rate=193,1k fragments per second        ||
||   30% completed, 0,9 mins elapsed, rate=192,6k fragments per second        ||
||   30% completed, 0,9 mins elapsed, rate=192,1k fragments per second        ||
||   31% completed, 0,9 mins elapsed, rate=191,6k fragments per second        ||
||   31% completed, 0,9 mins elapsed, rate=191,1k fragments per second        ||
||   31% completed, 0,9 mins elapsed, rate=190,7k fragments per second        ||
||   32% completed, 0,9 mins elapsed, rate=190,0k fragments per second        ||
|| Start read mapping in chunk.                                               ||
||   32% completed, 0,9 mins elapsed, rate=198,9k fragments per second        ||
||   38% completed, 1,1 mins elapsed, rate=204,0k fragments per second        ||
||   40% completed, 1,1 mins elapsed, rate=192,4k fragments per second        ||
||   40% completed, 1,1 mins elapsed, rate=191,6k fragments per second        ||
||   40% completed, 1,1 mins elapsed, rate=191,1k fragments per second        ||
||   41% completed, 1,2 mins elapsed, rate=190,5k fragments per second        ||
||   41% completed, 1,2 mins elapsed, rate=190,0k fragments per second        ||
||   41% completed, 1,2 mins elapsed, rate=189,5k fragments per second        ||
||   42% completed, 1,2 mins elapsed, rate=188,9k fragments per second        ||
||   42% completed, 1,2 mins elapsed, rate=188,3k fragments per second        ||
||   42% completed, 1,2 mins elapsed, rate=187,8k fragments per second        ||
||   43% completed, 1,2 mins elapsed, rate=187,3k fragments per second        ||
|| Start read mapping in chunk.                                               ||
||   43% completed, 1,3 mins elapsed, rate=193,4k fragments per second        ||
||   49% completed, 1,4 mins elapsed, rate=197,2k fragments per second        ||
||   50% completed, 1,5 mins elapsed, rate=188,5k fragments per second        ||
||   51% completed, 1,5 mins elapsed, rate=187,9k fragments per second        ||
||   51% completed, 1,5 mins elapsed, rate=187,4k fragments per second        ||
||   51% completed, 1,5 mins elapsed, rate=186,8k fragments per second        ||
||   52% completed, 1,5 mins elapsed, rate=186,2k fragments per second        ||
||   52% completed, 1,5 mins elapsed, rate=185,6k fragments per second        ||
||   53% completed, 1,5 mins elapsed, rate=184,9k fragments per second        ||
||   53% completed, 1,6 mins elapsed, rate=184,5k fragments per second        ||
||   53% completed, 1,6 mins elapsed, rate=183,8k fragments per second        ||
|| Start read mapping in chunk.                                               ||
||   54% completed, 1,6 mins elapsed, rate=188,8k fragments per second        ||
||   61% completed, 1,8 mins elapsed, rate=193,4k fragments per second        ||
||   61% completed, 1,8 mins elapsed, rate=186,0k fragments per second        ||
||   62% completed, 1,8 mins elapsed, rate=185,4k fragments per second        ||
||   62% completed, 1,8 mins elapsed, rate=184,8k fragments per second        ||
||   62% completed, 1,8 mins elapsed, rate=184,2k fragments per second        ||
||   63% completed, 1,9 mins elapsed, rate=183,7k fragments per second        ||
||   63% completed, 1,9 mins elapsed, rate=183,3k fragments per second        ||
||   64% completed, 1,9 mins elapsed, rate=182,9k fragments per second        ||
||   64% completed, 1,9 mins elapsed, rate=182,5k fragments per second        ||
||   64% completed, 1,9 mins elapsed, rate=182,1k fragments per second        ||
|| Start read mapping in chunk.                                               ||
||   65% completed, 1,9 mins elapsed, rate=186,4k fragments per second        ||
||   72% completed, 2,1 mins elapsed, rate=189,2k fragments per second        ||
||   72% completed, 2,1 mins elapsed, rate=182,7k fragments per second        ||
||   73% completed, 2,1 mins elapsed, rate=182,2k fragments per second        ||
||   73% completed, 2,2 mins elapsed, rate=181,9k fragments per second        ||
||   73% completed, 2,2 mins elapsed, rate=181,4k fragments per second        ||
||   74% completed, 2,2 mins elapsed, rate=180,9k fragments per second        ||
||   74% completed, 2,2 mins elapsed, rate=180,2k fragments per second        ||
||   75% completed, 2,2 mins elapsed, rate=179,6k fragments per second        ||
||   75% completed, 2,3 mins elapsed, rate=179,1k fragments per second        ||
|| Start read mapping in chunk.                                               ||
||   76% completed, 2,3 mins elapsed, rate=182,7k fragments per second        ||
||   83% completed, 2,4 mins elapsed, rate=185,5k fragments per second        ||
||   83% completed, 2,5 mins elapsed, rate=180,3k fragments per second        ||
||   84% completed, 2,5 mins elapsed, rate=179,9k fragments per second        ||
||   84% completed, 2,5 mins elapsed, rate=179,5k fragments per second        ||
||   84% completed, 2,5 mins elapsed, rate=179,0k fragments per second        ||
||   85% completed, 2,6 mins elapsed, rate=178,3k fragments per second        ||
||   85% completed, 2,6 mins elapsed, rate=177,9k fragments per second        ||
||   86% completed, 2,6 mins elapsed, rate=177,5k fragments per second        ||
||   86% completed, 2,6 mins elapsed, rate=177,1k fragments per second        ||
||   87% completed, 2,6 mins elapsed, rate=176,6k fragments per second        ||
|| Start read mapping in chunk.                                               ||
||   87% completed, 2,7 mins elapsed, rate=179,5k fragments per second        ||
||   94% completed, 2,8 mins elapsed, rate=182,7k fragments per second        ||
||   95% completed, 2,8 mins elapsed, rate=178,0k fragments per second        ||
||   95% completed, 2,9 mins elapsed, rate=177,7k fragments per second        ||
||   95% completed, 2,9 mins elapsed, rate=177,3k fragments per second        ||
||   96% completed, 2,9 mins elapsed, rate=176,8k fragments per second        ||
||   96% completed, 2,9 mins elapsed, rate=176,5k fragments per second        ||
||   96% completed, 2,9 mins elapsed, rate=176,1k fragments per second        ||
||   97% completed, 2,9 mins elapsed, rate=175,8k fragments per second        ||
||   97% completed, 3,0 mins elapsed, rate=175,3k fragments per second        ||
||   98% completed, 3,0 mins elapsed, rate=174,9k fragments per second        ||
||   98% completed, 3,0 mins elapsed, rate=174,6k fragments per second        ||
|| Start read mapping in chunk.                                               ||
||   98% completed, 3,0 mins elapsed, rate=177,2k fragments per second        ||
||   99% completed, 3,0 mins elapsed, rate=174,3k fragments per second        ||
||   99% completed, 3,0 mins elapsed, rate=174,3k fragments per second        ||
||   99% completed, 3,0 mins elapsed, rate=174,2k fragments per second        ||
||   99% completed, 3,1 mins elapsed, rate=174,1k fragments per second        ||
||   99% completed, 3,1 mins elapsed, rate=174,0k fragments per second        ||
||                                                                            ||
||                           Completed successfully.                          ||
||                                                                            ||
\\====================================    ====================================//

//================================   Summary =================================\\
||                                                                            ||
||             Total fragments : 31.925.253                                   ||
||                      Mapped : 26.146.853 (81,9%)                           ||
||             Uniquely mapped : 26.146.853                                   ||
||               Multi-mapping : 0                                            ||
||                                                                            ||
||                    Unmapped : 5.778.400                                    ||
||                                                                            ||
||             Properly paired : 21.063.559                                   ||
||         Not properly paired : 5.083.294                                    ||
||                   Singleton : 3.588.341                                    ||
||                    Chimeric : 20.179                                       ||
||       Unexpected strandness : 17.896                                       ||
||  Unexpected fragment length : 1.344.421                                    ||
||       Unexpected read order : 112.457                                      ||
||                                                                            ||
||                      Indels : 54.841                                       ||
||                                                                            ||
||                Running time : 3,5 minutes                                  ||
||                                                                            ||
\\============================================================================//

