
        ==========     _____ _    _ ____  _____  ______          _____  
        =====         / ____| |  | |  _ \|  __ \|  ____|   /\   |  __ \ 
          =====      | (___ | |  | | |_) | |__) | |__     /  \  | |  | |
            ====      \___ \| |  | |  _ <|  _  /|  __|   / /\ \ | |  | |
              ====    ____) | |__| | |_) | | \ \| |____ / ____ \| |__| |
        ==========   |_____/ \____/|____/|_|  \_\______/_/    \_\_____/
	  v2.0.6

//================================= setting ==================================\\
||                                                                            ||
|| Function      : Read alignment (RNA-Seq)                                   ||
|| Input file 1  : ID-14_1.trimmed.fastq.gz                                   ||
|| Input file 2  : ID-14_2.trimmed.fastq.gz                                   ||
|| Output file   : ID-14.bam (BAM), Sorted                                    ||
|| Index name    : ilAntGemm2                                                 ||
||                                                                            ||
||                    ------------------------------------                    ||
||                                                                            ||
||                               Threads : 16                                 ||
||                          Phred offset : 33                                 ||
||               # of extracted subreads : 10                                 ||
||                        Min read1 vote : 3                                  ||
||                        Min read2 vote : 1                                  ||
||                     Max fragment size : 600                                ||
||                     Min fragment size : 50                                 ||
||                        Max mismatches : 3                                  ||
||                      Max indel length : 5                                  ||
||            Report multi-mapping reads : no                                 ||
|| Max alignments per multi-mapping read : 1                                  ||
||                                                                            ||
\\============================================================================//

//=============== Running (30-Jul-2026 00:14:35, pid=2576712) ================\\
||                                                                            ||
|| Check the input reads.                                                     ||
|| The input file contains base space reads.                                  ||
|| Initialise the memory objects.                                             ||
|| Estimate the mean read length.                                             ||
|| The range of Phred scores observed in the data is [2,40]                   ||
|| Create the output BAM file.                                                ||
|| Check the index.                                                           ||
|| Init the voting space.                                                     ||
|| Global environment is initialised.                                         ||
|| Load the 1-th index block...                                               ||
|| The index block has been loaded.                                           ||
|| Start read mapping in chunk.                                               ||
||    0% completed, 0,1 mins elapsed, rate=258,8k fragments per second        ||
||    7% completed, 0,2 mins elapsed, rate=259,9k fragments per second        ||
||   Estimated fragment length : 175 bp                                       ||
||    9% completed, 0,2 mins elapsed, rate=189,1k fragments per second        ||
||    9% completed, 0,2 mins elapsed, rate=190,4k fragments per second        ||
||   10% completed, 0,2 mins elapsed, rate=191,3k fragments per second        ||
||   10% completed, 0,2 mins elapsed, rate=192,2k fragments per second        ||
||   11% completed, 0,3 mins elapsed, rate=193,1k fragments per second        ||
||   11% completed, 0,3 mins elapsed, rate=193,5k fragments per second        ||
||   12% completed, 0,3 mins elapsed, rate=193,9k fragments per second        ||
||   12% completed, 0,3 mins elapsed, rate=194,2k fragments per second        ||
||   12% completed, 0,3 mins elapsed, rate=194,6k fragments per second        ||
|| Start read mapping in chunk.                                               ||
||   13% completed, 0,3 mins elapsed, rate=226,8k fragments per second        ||
||   20% completed, 0,4 mins elapsed, rate=239,8k fragments per second        ||
||   22% completed, 0,5 mins elapsed, rate=208,7k fragments per second        ||
||   23% completed, 0,5 mins elapsed, rate=207,6k fragments per second        ||
||   23% completed, 0,5 mins elapsed, rate=206,7k fragments per second        ||
||   23% completed, 0,5 mins elapsed, rate=205,7k fragments per second        ||
||   24% completed, 0,5 mins elapsed, rate=205,0k fragments per second        ||
||   24% completed, 0,5 mins elapsed, rate=204,2k fragments per second        ||
||   25% completed, 0,5 mins elapsed, rate=203,5k fragments per second        ||
||   25% completed, 0,6 mins elapsed, rate=202,4k fragments per second        ||
||   26% completed, 0,6 mins elapsed, rate=201,4k fragments per second        ||
||   26% completed, 0,6 mins elapsed, rate=200,6k fragments per second        ||
|| Start read mapping in chunk.                                               ||
||   27% completed, 0,6 mins elapsed, rate=215,7k fragments per second        ||
||   33% completed, 0,7 mins elapsed, rate=224,7k fragments per second        ||
||   35% completed, 0,8 mins elapsed, rate=207,9k fragments per second        ||
||   36% completed, 0,8 mins elapsed, rate=206,9k fragments per second        ||
||   36% completed, 0,8 mins elapsed, rate=205,5k fragments per second        ||
||   37% completed, 0,8 mins elapsed, rate=204,4k fragments per second        ||
||   37% completed, 0,8 mins elapsed, rate=203,5k fragments per second        ||
||   38% completed, 0,8 mins elapsed, rate=202,3k fragments per second        ||
||   38% completed, 0,8 mins elapsed, rate=201,2k fragments per second        ||
||   39% completed, 0,9 mins elapsed, rate=200,2k fragments per second        ||
||   39% completed, 0,9 mins elapsed, rate=198,9k fragments per second        ||
|| Start read mapping in chunk.                                               ||
||   40% completed, 0,9 mins elapsed, rate=208,4k fragments per second        ||
||   46% completed, 1,0 mins elapsed, rate=214,8k fragments per second        ||
||   49% completed, 1,1 mins elapsed, rate=202,7k fragments per second        ||
||   49% completed, 1,1 mins elapsed, rate=201,5k fragments per second        ||
||   50% completed, 1,1 mins elapsed, rate=200,5k fragments per second        ||
||   50% completed, 1,1 mins elapsed, rate=199,5k fragments per second        ||
||   51% completed, 1,1 mins elapsed, rate=198,5k fragments per second        ||
||   51% completed, 1,1 mins elapsed, rate=197,6k fragments per second        ||
||   51% completed, 1,2 mins elapsed, rate=196,6k fragments per second        ||
||   52% completed, 1,2 mins elapsed, rate=195,8k fragments per second        ||
||   52% completed, 1,2 mins elapsed, rate=195,0k fragments per second        ||
||   53% completed, 1,2 mins elapsed, rate=194,0k fragments per second        ||
|| Start read mapping in chunk.                                               ||
||   53% completed, 1,2 mins elapsed, rate=200,7k fragments per second        ||
||   60% completed, 1,3 mins elapsed, rate=206,1k fragments per second        ||
||   62% completed, 1,4 mins elapsed, rate=197,1k fragments per second        ||
||   63% completed, 1,4 mins elapsed, rate=196,0k fragments per second        ||
||   63% completed, 1,4 mins elapsed, rate=194,9k fragments per second        ||
||   64% completed, 1,4 mins elapsed, rate=194,1k fragments per second        ||
||   64% completed, 1,5 mins elapsed, rate=193,3k fragments per second        ||
||   65% completed, 1,5 mins elapsed, rate=192,6k fragments per second        ||
||   65% completed, 1,5 mins elapsed, rate=191,9k fragments per second        ||
||   65% completed, 1,5 mins elapsed, rate=191,2k fragments per second        ||
||   66% completed, 1,5 mins elapsed, rate=190,5k fragments per second        ||
||   66% completed, 1,5 mins elapsed, rate=189,8k fragments per second        ||
|| Start read mapping in chunk.                                               ||
||   67% completed, 1,6 mins elapsed, rate=195,1k fragments per second        ||
||   74% completed, 1,7 mins elapsed, rate=199,7k fragments per second        ||
||   76% completed, 1,7 mins elapsed, rate=191,8k fragments per second        ||
||   77% completed, 1,8 mins elapsed, rate=190,6k fragments per second        ||
||   77% completed, 1,8 mins elapsed, rate=189,7k fragments per second        ||
||   78% completed, 1,8 mins elapsed, rate=189,0k fragments per second        ||
||   78% completed, 1,8 mins elapsed, rate=188,4k fragments per second        ||
||   79% completed, 1,8 mins elapsed, rate=187,8k fragments per second        ||
||   79% completed, 1,8 mins elapsed, rate=187,1k fragments per second        ||
||   79% completed, 1,9 mins elapsed, rate=186,4k fragments per second        ||
||   80% completed, 1,9 mins elapsed, rate=185,7k fragments per second        ||
|| Start read mapping in chunk.                                               ||
||   81% completed, 1,9 mins elapsed, rate=190,0k fragments per second        ||
||   87% completed, 2,0 mins elapsed, rate=193,8k fragments per second        ||
||   90% completed, 2,1 mins elapsed, rate=188,1k fragments per second        ||
||   90% completed, 2,1 mins elapsed, rate=187,3k fragments per second        ||
||   91% completed, 2,1 mins elapsed, rate=186,6k fragments per second        ||
||   91% completed, 2,1 mins elapsed, rate=185,9k fragments per second        ||
||   92% completed, 2,1 mins elapsed, rate=185,3k fragments per second        ||
||   92% completed, 2,2 mins elapsed, rate=184,6k fragments per second        ||
||   92% completed, 2,2 mins elapsed, rate=184,0k fragments per second        ||
||   93% completed, 2,2 mins elapsed, rate=183,4k fragments per second        ||
||   93% completed, 2,2 mins elapsed, rate=182,8k fragments per second        ||
||   94% completed, 2,2 mins elapsed, rate=182,2k fragments per second        ||
|| Start read mapping in chunk.                                               ||
||   95% completed, 2,3 mins elapsed, rate=185,9k fragments per second        ||
||   98% completed, 2,3 mins elapsed, rate=183,2k fragments per second        ||
||   98% completed, 2,3 mins elapsed, rate=182,9k fragments per second        ||
||   98% completed, 2,3 mins elapsed, rate=182,6k fragments per second        ||
||   99% completed, 2,3 mins elapsed, rate=182,3k fragments per second        ||
||   99% completed, 2,4 mins elapsed, rate=182,0k fragments per second        ||
||   99% completed, 2,4 mins elapsed, rate=181,7k fragments per second        ||
||   99% completed, 2,4 mins elapsed, rate=181,5k fragments per second        ||
||   99% completed, 2,4 mins elapsed, rate=181,2k fragments per second        ||
||   99% completed, 2,4 mins elapsed, rate=181,0k fragments per second        ||
||                                                                            ||
||                           Completed successfully.                          ||
||                                                                            ||
\\====================================    ====================================//

//================================   Summary =================================\\
||                                                                            ||
||             Total fragments : 25.857.875                                   ||
||                      Mapped : 21.201.414 (82,0%)                           ||
||             Uniquely mapped : 21.201.414                                   ||
||               Multi-mapping : 0                                            ||
||                                                                            ||
||                    Unmapped : 4.656.461                                    ||
||                                                                            ||
||             Properly paired : 17.603.315                                   ||
||         Not properly paired : 3.598.099                                    ||
||                   Singleton : 2.537.156                                    ||
||                    Chimeric : 11.894                                       ||
||       Unexpected strandness : 5.748                                        ||
||  Unexpected fragment length : 953.986                                      ||
||       Unexpected read order : 89.315                                       ||
||                                                                            ||
||                      Indels : 40.600                                       ||
||                                                                            ||
||                Running time : 2,8 minutes                                  ||
||                                                                            ||
\\============================================================================//

