
        ==========     _____ _    _ ____  _____  ______          _____  
        =====         / ____| |  | |  _ \|  __ \|  ____|   /\   |  __ \ 
          =====      | (___ | |  | | |_) | |__) | |__     /  \  | |  | |
            ====      \___ \| |  | |  _ <|  _  /|  __|   / /\ \ | |  | |
              ====    ____) | |__| | |_) | | \ \| |____ / ____ \| |__| |
        ==========   |_____/ \____/|____/|_|  \_\______/_/    \_\_____/
	  v2.0.6

//================================= setting ==================================\\
||                                                                            ||
|| Function      : Read alignment (RNA-Seq)                                   ||
|| Input file 1  : ID-10_1.trimmed.fastq.gz                                   ||
|| Input file 2  : ID-10_2.trimmed.fastq.gz                                   ||
|| Output file   : ID-10.bam (BAM), Sorted                                    ||
|| Index name    : ilAntGemm2                                                 ||
||                                                                            ||
||                    ------------------------------------                    ||
||                                                                            ||
||                               Threads : 16                                 ||
||                          Phred offset : 33                                 ||
||               # of extracted subreads : 10                                 ||
||                        Min read1 vote : 3                                  ||
||                        Min read2 vote : 1                                  ||
||                     Max fragment size : 600                                ||
||                     Min fragment size : 50                                 ||
||                        Max mismatches : 3                                  ||
||                      Max indel length : 5                                  ||
||            Report multi-mapping reads : no                                 ||
|| Max alignments per multi-mapping read : 1                                  ||
||                                                                            ||
\\============================================================================//

//=============== Running (30-Jul-2026 00:08:23, pid=2573419) ================\\
||                                                                            ||
|| Check the input reads.                                                     ||
|| The input file contains base space reads.                                  ||
|| Initialise the memory objects.                                             ||
|| Estimate the mean read length.                                             ||
|| The range of Phred scores observed in the data is [2,40]                   ||
|| Create the output BAM file.                                                ||
|| Check the index.                                                           ||
|| Init the voting space.                                                     ||
|| Global environment is initialised.                                         ||
|| Load the 1-th index block...                                               ||
|| The index block has been loaded.                                           ||
|| Start read mapping in chunk.                                               ||
||    0% completed, 0,1 mins elapsed, rate=252,0k fragments per second        ||
||    7% completed, 0,2 mins elapsed, rate=253,8k fragments per second        ||
||   Estimated fragment length : 198 bp                                       ||
||   11% completed, 0,2 mins elapsed, rate=184,6k fragments per second        ||
||   12% completed, 0,2 mins elapsed, rate=186,4k fragments per second        ||
||   12% completed, 0,2 mins elapsed, rate=188,0k fragments per second        ||
||   13% completed, 0,3 mins elapsed, rate=189,2k fragments per second        ||
||   13% completed, 0,3 mins elapsed, rate=190,5k fragments per second        ||
||   14% completed, 0,3 mins elapsed, rate=191,8k fragments per second        ||
||   14% completed, 0,3 mins elapsed, rate=193,0k fragments per second        ||
||   15% completed, 0,3 mins elapsed, rate=194,4k fragments per second        ||
||   16% completed, 0,3 mins elapsed, rate=195,7k fragments per second        ||
|| Start read mapping in chunk.                                               ||
||   16% completed, 0,3 mins elapsed, rate=227,6k fragments per second        ||
||   23% completed, 0,4 mins elapsed, rate=237,5k fragments per second        ||
||   28% completed, 0,5 mins elapsed, rate=208,7k fragments per second        ||
||   28% completed, 0,5 mins elapsed, rate=208,0k fragments per second        ||
||   29% completed, 0,5 mins elapsed, rate=207,4k fragments per second        ||
||   29% completed, 0,5 mins elapsed, rate=206,7k fragments per second        ||
||   30% completed, 0,5 mins elapsed, rate=206,2k fragments per second        ||
||   30% completed, 0,5 mins elapsed, rate=205,7k fragments per second        ||
||   31% completed, 0,5 mins elapsed, rate=205,2k fragments per second        ||
||   31% completed, 0,6 mins elapsed, rate=204,8k fragments per second        ||
||   32% completed, 0,6 mins elapsed, rate=204,5k fragments per second        ||
|| Start read mapping in chunk.                                               ||
||   33% completed, 0,6 mins elapsed, rate=220,1k fragments per second        ||
||   40% completed, 0,7 mins elapsed, rate=226,8k fragments per second        ||
||   44% completed, 0,7 mins elapsed, rate=210,2k fragments per second        ||
||   45% completed, 0,8 mins elapsed, rate=209,2k fragments per second        ||
||   45% completed, 0,8 mins elapsed, rate=208,3k fragments per second        ||
||   46% completed, 0,8 mins elapsed, rate=207,6k fragments per second        ||
||   46% completed, 0,8 mins elapsed, rate=206,9k fragments per second        ||
||   47% completed, 0,8 mins elapsed, rate=206,1k fragments per second        ||
||   47% completed, 0,8 mins elapsed, rate=205,4k fragments per second        ||
||   48% completed, 0,8 mins elapsed, rate=204,8k fragments per second        ||
||   48% completed, 0,8 mins elapsed, rate=203,8k fragments per second        ||
||   49% completed, 0,9 mins elapsed, rate=203,0k fragments per second        ||
||   49% completed, 0,9 mins elapsed, rate=202,3k fragments per second        ||
|| Start read mapping in chunk.                                               ||
||   49% completed, 0,9 mins elapsed, rate=212,5k fragments per second        ||
||   57% completed, 1,0 mins elapsed, rate=217,6k fragments per second        ||
||   61% completed, 1,0 mins elapsed, rate=206,1k fragments per second        ||
||   61% completed, 1,1 mins elapsed, rate=205,2k fragments per second        ||
||   62% completed, 1,1 mins elapsed, rate=204,3k fragments per second        ||
||   62% completed, 1,1 mins elapsed, rate=203,5k fragments per second        ||
||   63% completed, 1,1 mins elapsed, rate=202,7k fragments per second        ||
||   63% completed, 1,1 mins elapsed, rate=202,0k fragments per second        ||
||   64% completed, 1,1 mins elapsed, rate=201,2k fragments per second        ||
||   64% completed, 1,1 mins elapsed, rate=200,5k fragments per second        ||
||   65% completed, 1,1 mins elapsed, rate=199,8k fragments per second        ||
||   65% completed, 1,2 mins elapsed, rate=199,1k fragments per second        ||
|| Start read mapping in chunk.                                               ||
||   66% completed, 1,2 mins elapsed, rate=206,3k fragments per second        ||
||   73% completed, 1,3 mins elapsed, rate=209,9k fragments per second        ||
||   78% completed, 1,4 mins elapsed, rate=201,2k fragments per second        ||
||   78% completed, 1,4 mins elapsed, rate=200,5k fragments per second        ||
||   79% completed, 1,4 mins elapsed, rate=199,9k fragments per second        ||
||   79% completed, 1,4 mins elapsed, rate=199,0k fragments per second        ||
||   80% completed, 1,4 mins elapsed, rate=198,3k fragments per second        ||
||   80% completed, 1,4 mins elapsed, rate=197,8k fragments per second        ||
||   81% completed, 1,4 mins elapsed, rate=197,3k fragments per second        ||
||   81% completed, 1,5 mins elapsed, rate=196,7k fragments per second        ||
||   82% completed, 1,5 mins elapsed, rate=195,8k fragments per second        ||
||   83% completed, 1,5 mins elapsed, rate=195,0k fragments per second        ||
|| Start read mapping in chunk.                                               ||
||   83% completed, 1,5 mins elapsed, rate=201,1k fragments per second        ||
||   92% completed, 1,6 mins elapsed, rate=204,6k fragments per second        ||
||   95% completed, 1,7 mins elapsed, rate=197,5k fragments per second        ||
||   95% completed, 1,7 mins elapsed, rate=196,7k fragments per second        ||
||   96% completed, 1,7 mins elapsed, rate=196,1k fragments per second        ||
||   97% completed, 1,7 mins elapsed, rate=195,3k fragments per second        ||
||   97% completed, 1,7 mins elapsed, rate=194,7k fragments per second        ||
||   98% completed, 1,8 mins elapsed, rate=194,2k fragments per second        ||
||   98% completed, 1,8 mins elapsed, rate=193,6k fragments per second        ||
||   99% completed, 1,8 mins elapsed, rate=193,1k fragments per second        ||
||   99% completed, 1,8 mins elapsed, rate=192,6k fragments per second        ||
||                                                                            ||
||                           Completed successfully.                          ||
||                                                                            ||
\\====================================    ====================================//

//================================   Summary =================================\\
||                                                                            ||
||             Total fragments : 20.881.479                                   ||
||                      Mapped : 17.194.128 (82,3%)                           ||
||             Uniquely mapped : 17.194.128                                   ||
||               Multi-mapping : 0                                            ||
||                                                                            ||
||                    Unmapped : 3.687.351                                    ||
||                                                                            ||
||             Properly paired : 13.610.488                                   ||
||         Not properly paired : 3.583.640                                    ||
||                   Singleton : 2.494.317                                    ||
||                    Chimeric : 10.410                                       ||
||       Unexpected strandness : 11.413                                       ||
||  Unexpected fragment length : 994.259                                      ||
||       Unexpected read order : 73.241                                       ||
||                                                                            ||
||                      Indels : 25.304                                       ||
||                                                                            ||
||                Running time : 2,1 minutes                                  ||
||                                                                            ||
\\============================================================================//

