
        ==========     _____ _    _ ____  _____  ______          _____  
        =====         / ____| |  | |  _ \|  __ \|  ____|   /\   |  __ \ 
          =====      | (___ | |  | | |_) | |__) | |__     /  \  | |  | |
            ====      \___ \| |  | |  _ <|  _  /|  __|   / /\ \ | |  | |
              ====    ____) | |__| | |_) | | \ \| |____ / ____ \| |__| |
        ==========   |_____/ \____/|____/|_|  \_\______/_/    \_\_____/
	  v2.0.6

//================================= setting ==================================\\
||                                                                            ||
|| Function      : Read alignment (RNA-Seq)                                   ||
|| Input file 1  : ID-15_1.trimmed.fastq.gz                                   ||
|| Input file 2  : ID-15_2.trimmed.fastq.gz                                   ||
|| Output file   : ID-15.bam (BAM), Sorted                                    ||
|| Index name    : ilAntGemm2                                                 ||
||                                                                            ||
||                    ------------------------------------                    ||
||                                                                            ||
||                               Threads : 16                                 ||
||                          Phred offset : 33                                 ||
||               # of extracted subreads : 10                                 ||
||                        Min read1 vote : 3                                  ||
||                        Min read2 vote : 1                                  ||
||                     Max fragment size : 600                                ||
||                     Min fragment size : 50                                 ||
||                        Max mismatches : 3                                  ||
||                      Max indel length : 5                                  ||
||            Report multi-mapping reads : no                                 ||
|| Max alignments per multi-mapping read : 1                                  ||
||                                                                            ||
\\============================================================================//

//=============== Running (30-Jul-2026 00:17:33, pid=2578318) ================\\
||                                                                            ||
|| Check the input reads.                                                     ||
|| The input file contains base space reads.                                  ||
|| Initialise the memory objects.                                             ||
|| Estimate the mean read length.                                             ||
|| The range of Phred scores observed in the data is [2,40]                   ||
|| Create the output BAM file.                                                ||
|| Check the index.                                                           ||
|| Init the voting space.                                                     ||
|| Global environment is initialised.                                         ||
|| Load the 1-th index block...                                               ||
|| The index block has been loaded.                                           ||
|| Start read mapping in chunk.                                               ||
||    0% completed, 0,1 mins elapsed, rate=251,8k fragments per second        ||
||    6% completed, 0,2 mins elapsed, rate=253,1k fragments per second        ||
||   Estimated fragment length : 175 bp                                       ||
||    8% completed, 0,2 mins elapsed, rate=186,4k fragments per second        ||
||    8% completed, 0,2 mins elapsed, rate=188,4k fragments per second        ||
||    9% completed, 0,2 mins elapsed, rate=189,7k fragments per second        ||
||    9% completed, 0,2 mins elapsed, rate=190,8k fragments per second        ||
||    9% completed, 0,3 mins elapsed, rate=191,8k fragments per second        ||
||   10% completed, 0,3 mins elapsed, rate=192,7k fragments per second        ||
||   10% completed, 0,3 mins elapsed, rate=193,1k fragments per second        ||
||   10% completed, 0,3 mins elapsed, rate=193,8k fragments per second        ||
||   11% completed, 0,3 mins elapsed, rate=194,8k fragments per second        ||
||   11% completed, 0,3 mins elapsed, rate=195,5k fragments per second        ||
|| Start read mapping in chunk.                                               ||
||   12% completed, 0,3 mins elapsed, rate=228,6k fragments per second        ||
||   18% completed, 0,4 mins elapsed, rate=239,4k fragments per second        ||
||   20% completed, 0,5 mins elapsed, rate=208,7k fragments per second        ||
||   20% completed, 0,5 mins elapsed, rate=208,1k fragments per second        ||
||   21% completed, 0,5 mins elapsed, rate=207,7k fragments per second        ||
||   21% completed, 0,5 mins elapsed, rate=207,2k fragments per second        ||
||   21% completed, 0,5 mins elapsed, rate=206,8k fragments per second        ||
||   22% completed, 0,5 mins elapsed, rate=206,4k fragments per second        ||
||   22% completed, 0,5 mins elapsed, rate=206,0k fragments per second        ||
||   22% completed, 0,5 mins elapsed, rate=205,5k fragments per second        ||
||   23% completed, 0,6 mins elapsed, rate=204,9k fragments per second        ||
||   23% completed, 0,6 mins elapsed, rate=204,4k fragments per second        ||
|| Start read mapping in chunk.                                               ||
||   24% completed, 0,6 mins elapsed, rate=221,1k fragments per second        ||
||   31% completed, 0,7 mins elapsed, rate=230,1k fragments per second        ||
||   32% completed, 0,7 mins elapsed, rate=210,3k fragments per second        ||
||   32% completed, 0,8 mins elapsed, rate=209,4k fragments per second        ||
||   33% completed, 0,8 mins elapsed, rate=208,7k fragments per second        ||
||   33% completed, 0,8 mins elapsed, rate=208,1k fragments per second        ||
||   33% completed, 0,8 mins elapsed, rate=207,5k fragments per second        ||
||   34% completed, 0,8 mins elapsed, rate=206,9k fragments per second        ||
||   34% completed, 0,8 mins elapsed, rate=206,3k fragments per second        ||
||   35% completed, 0,8 mins elapsed, rate=205,7k fragments per second        ||
||   35% completed, 0,8 mins elapsed, rate=204,9k fragments per second        ||
|| Start read mapping in chunk.                                               ||
||   36% completed, 0,9 mins elapsed, rate=215,6k fragments per second        ||
||   42% completed, 1,0 mins elapsed, rate=221,4k fragments per second        ||
||   44% completed, 1,0 mins elapsed, rate=208,2k fragments per second        ||
||   44% completed, 1,0 mins elapsed, rate=207,4k fragments per second        ||
||   45% completed, 1,1 mins elapsed, rate=206,7k fragments per second        ||
||   45% completed, 1,1 mins elapsed, rate=205,9k fragments per second        ||
||   46% completed, 1,1 mins elapsed, rate=205,0k fragments per second        ||
||   46% completed, 1,1 mins elapsed, rate=204,1k fragments per second        ||
||   46% completed, 1,1 mins elapsed, rate=203,5k fragments per second        ||
||   47% completed, 1,1 mins elapsed, rate=202,8k fragments per second        ||
||   47% completed, 1,1 mins elapsed, rate=202,1k fragments per second        ||
||   47% completed, 1,2 mins elapsed, rate=201,5k fragments per second        ||
|| Start read mapping in chunk.                                               ||
||   48% completed, 1,2 mins elapsed, rate=209,4k fragments per second        ||
||   55% completed, 1,3 mins elapsed, rate=214,8k fragments per second        ||
||   56% completed, 1,3 mins elapsed, rate=204,2k fragments per second        ||
||   56% completed, 1,4 mins elapsed, rate=203,1k fragments per second        ||
||   57% completed, 1,4 mins elapsed, rate=202,4k fragments per second        ||
||   57% completed, 1,4 mins elapsed, rate=201,7k fragments per second        ||
||   58% completed, 1,4 mins elapsed, rate=201,0k fragments per second        ||
||   58% completed, 1,4 mins elapsed, rate=200,3k fragments per second        ||
||   58% completed, 1,4 mins elapsed, rate=199,6k fragments per second        ||
||   59% completed, 1,4 mins elapsed, rate=199,0k fragments per second        ||
||   59% completed, 1,5 mins elapsed, rate=198,4k fragments per second        ||
|| Start read mapping in chunk.                                               ||
||   60% completed, 1,5 mins elapsed, rate=204,0k fragments per second        ||
||   66% completed, 1,6 mins elapsed, rate=208,4k fragments per second        ||
||   68% completed, 1,6 mins elapsed, rate=200,6k fragments per second        ||
||   68% completed, 1,7 mins elapsed, rate=200,1k fragments per second        ||
||   69% completed, 1,7 mins elapsed, rate=199,5k fragments per second        ||
||   69% completed, 1,7 mins elapsed, rate=198,8k fragments per second        ||
||   69% completed, 1,7 mins elapsed, rate=198,2k fragments per second        ||
||   70% completed, 1,7 mins elapsed, rate=197,6k fragments per second        ||
||   70% completed, 1,7 mins elapsed, rate=197,1k fragments per second        ||
||   71% completed, 1,7 mins elapsed, rate=196,5k fragments per second        ||
||   71% completed, 1,8 mins elapsed, rate=196,0k fragments per second        ||
||   71% completed, 1,8 mins elapsed, rate=195,4k fragments per second        ||
|| Start read mapping in chunk.                                               ||
||   72% completed, 1,8 mins elapsed, rate=200,0k fragments per second        ||
||   79% completed, 1,9 mins elapsed, rate=203,5k fragments per second        ||
||   80% completed, 2,0 mins elapsed, rate=196,7k fragments per second        ||
||   81% completed, 2,0 mins elapsed, rate=196,1k fragments per second        ||
||   81% completed, 2,0 mins elapsed, rate=195,6k fragments per second        ||
||   82% completed, 2,0 mins elapsed, rate=194,7k fragments per second        ||
||   82% completed, 2,0 mins elapsed, rate=194,3k fragments per second        ||
||   82% completed, 2,1 mins elapsed, rate=193,8k fragments per second        ||
||   83% completed, 2,1 mins elapsed, rate=193,2k fragments per second        ||
||   83% completed, 2,1 mins elapsed, rate=192,6k fragments per second        ||
||   84% completed, 2,1 mins elapsed, rate=191,6k fragments per second        ||
|| Start read mapping in chunk.                                               ||
||   85% completed, 2,1 mins elapsed, rate=195,6k fragments per second        ||
||   92% completed, 2,3 mins elapsed, rate=199,0k fragments per second        ||
||   93% completed, 2,3 mins elapsed, rate=193,0k fragments per second        ||
||   93% completed, 2,3 mins elapsed, rate=192,5k fragments per second        ||
||   94% completed, 2,4 mins elapsed, rate=191,9k fragments per second        ||
||   94% completed, 2,4 mins elapsed, rate=191,4k fragments per second        ||
||   94% completed, 2,4 mins elapsed, rate=191,0k fragments per second        ||
||   95% completed, 2,4 mins elapsed, rate=190,4k fragments per second        ||
||   95% completed, 2,4 mins elapsed, rate=189,9k fragments per second        ||
||   95% completed, 2,4 mins elapsed, rate=189,4k fragments per second        ||
||   96% completed, 2,4 mins elapsed, rate=189,0k fragments per second        ||
||   96% completed, 2,5 mins elapsed, rate=188,7k fragments per second        ||
||   96% completed, 2,5 mins elapsed, rate=188,3k fragments per second        ||
|| Start read mapping in chunk.                                               ||
||   97% completed, 2,5 mins elapsed, rate=191,7k fragments per second        ||
||   99% completed, 2,5 mins elapsed, rate=188,0k fragments per second        ||
||   99% completed, 2,5 mins elapsed, rate=187,9k fragments per second        ||
||   99% completed, 2,5 mins elapsed, rate=187,7k fragments per second        ||
||   99% completed, 2,5 mins elapsed, rate=187,6k fragments per second        ||
||   99% completed, 2,5 mins elapsed, rate=187,5k fragments per second        ||
||   99% completed, 2,5 mins elapsed, rate=187,4k fragments per second        ||
||   99% completed, 2,6 mins elapsed, rate=187,3k fragments per second        ||
||   99% completed, 2,6 mins elapsed, rate=187,1k fragments per second        ||
||   99% completed, 2,6 mins elapsed, rate=186,8k fragments per second        ||
||                                                                            ||
||                           Completed successfully.                          ||
||                                                                            ||
\\====================================    ====================================//

//================================   Summary =================================\\
||                                                                            ||
||             Total fragments : 28.752.343                                   ||
||                      Mapped : 23.177.459 (80,6%)                           ||
||             Uniquely mapped : 23.177.459                                   ||
||               Multi-mapping : 0                                            ||
||                                                                            ||
||                    Unmapped : 5.574.884                                    ||
||                                                                            ||
||             Properly paired : 18.533.908                                   ||
||         Not properly paired : 4.643.551                                    ||
||                   Singleton : 3.358.189                                    ||
||                    Chimeric : 15.112                                       ||
||       Unexpected strandness : 10.073                                       ||
||  Unexpected fragment length : 1.161.234                                    ||
||       Unexpected read order : 98.943                                       ||
||                                                                            ||
||                      Indels : 39.738                                       ||
||                                                                            ||
||                Running time : 2,8 minutes                                  ||
||                                                                            ||
\\============================================================================//

