
        ==========     _____ _    _ ____  _____  ______          _____  
        =====         / ____| |  | |  _ \|  __ \|  ____|   /\   |  __ \ 
          =====      | (___ | |  | | |_) | |__) | |__     /  \  | |  | |
            ====      \___ \| |  | |  _ <|  _  /|  __|   / /\ \ | |  | |
              ====    ____) | |__| | |_) | | \ \| |____ / ____ \| |__| |
        ==========   |_____/ \____/|____/|_|  \_\______/_/    \_\_____/
	  v2.0.6

//================================= setting ==================================\\
||                                                                            ||
|| Function      : Read alignment (RNA-Seq)                                   ||
|| Input file 1  : ID-1_1.trimmed.fastq.gz                                    ||
|| Input file 2  : ID-1_2.trimmed.fastq.gz                                    ||
|| Output file   : ID-1.bam (BAM), Sorted                                     ||
|| Index name    : ilAntGemm2                                                 ||
||                                                                            ||
||                    ------------------------------------                    ||
||                                                                            ||
||                               Threads : 16                                 ||
||                          Phred offset : 33                                 ||
||               # of extracted subreads : 10                                 ||
||                        Min read1 vote : 3                                  ||
||                        Min read2 vote : 1                                  ||
||                     Max fragment size : 600                                ||
||                     Min fragment size : 50                                 ||
||                        Max mismatches : 3                                  ||
||                      Max indel length : 5                                  ||
||            Report multi-mapping reads : no                                 ||
|| Max alignments per multi-mapping read : 1                                  ||
||                                                                            ||
\\============================================================================//

//=============== Running (30-Jul-2026 09:44:28, pid=2670553) ================\\
||                                                                            ||
|| Check the input reads.                                                     ||
|| The input file contains base space reads.                                  ||
|| Initialise the memory objects.                                             ||
|| Estimate the mean read length.                                             ||
|| The range of Phred scores observed in the data is [2,40]                   ||
|| Create the output BAM file.                                                ||
|| Check the index.                                                           ||
|| Init the voting space.                                                     ||
|| Global environment is initialised.                                         ||
|| Load the 1-th index block...                                               ||
|| The index block has been loaded.                                           ||
|| Start read mapping in chunk.                                               ||
||    0% completed, 0,0 mins elapsed, rate=304,7k fragments per second        ||
||   Estimated fragment length : 185 bp                                       ||
||    7% completed, 0,2 mins elapsed, rate=249,0k fragments per second        ||
||    8% completed, 0,2 mins elapsed, rate=248,5k fragments per second        ||
||    8% completed, 0,2 mins elapsed, rate=247,9k fragments per second        ||
||    8% completed, 0,2 mins elapsed, rate=247,5k fragments per second        ||
||    9% completed, 0,2 mins elapsed, rate=247,1k fragments per second        ||
||    9% completed, 0,2 mins elapsed, rate=246,6k fragments per second        ||
||    9% completed, 0,2 mins elapsed, rate=246,3k fragments per second        ||
||    9% completed, 0,2 mins elapsed, rate=245,9k fragments per second        ||
||   10% completed, 0,2 mins elapsed, rate=245,5k fragments per second        ||
||   10% completed, 0,2 mins elapsed, rate=245,6k fragments per second        ||
|| Start read mapping in chunk.                                               ||
||   11% completed, 0,3 mins elapsed, rate=267,9k fragments per second        ||
||   18% completed, 0,4 mins elapsed, rate=261,9k fragments per second        ||
||   18% completed, 0,4 mins elapsed, rate=260,0k fragments per second        ||
||   18% completed, 0,4 mins elapsed, rate=258,0k fragments per second        ||
||   19% completed, 0,4 mins elapsed, rate=256,3k fragments per second        ||
||   19% completed, 0,4 mins elapsed, rate=254,1k fragments per second        ||
||   19% completed, 0,4 mins elapsed, rate=252,4k fragments per second        ||
||   20% completed, 0,4 mins elapsed, rate=250,4k fragments per second        ||
||   20% completed, 0,4 mins elapsed, rate=249,0k fragments per second        ||
||   20% completed, 0,5 mins elapsed, rate=247,2k fragments per second        ||
||   21% completed, 0,5 mins elapsed, rate=245,9k fragments per second        ||
|| Start read mapping in chunk.                                               ||
||   21% completed, 0,5 mins elapsed, rate=253,9k fragments per second        ||
||   29% completed, 0,6 mins elapsed, rate=252,2k fragments per second        ||
||   29% completed, 0,6 mins elapsed, rate=250,2k fragments per second        ||
||   29% completed, 0,7 mins elapsed, rate=247,6k fragments per second        ||
||   30% completed, 0,7 mins elapsed, rate=245,1k fragments per second        ||
||   30% completed, 0,7 mins elapsed, rate=243,5k fragments per second        ||
||   31% completed, 0,7 mins elapsed, rate=241,0k fragments per second        ||
||   31% completed, 0,7 mins elapsed, rate=239,3k fragments per second        ||
||   31% completed, 0,7 mins elapsed, rate=237,8k fragments per second        ||
||   31% completed, 0,7 mins elapsed, rate=236,3k fragments per second        ||
||   32% completed, 0,7 mins elapsed, rate=234,9k fragments per second        ||
|| Start read mapping in chunk.                                               ||
||   32% completed, 0,8 mins elapsed, rate=240,5k fragments per second        ||
||   39% completed, 0,9 mins elapsed, rate=251,6k fragments per second        ||
||   40% completed, 0,9 mins elapsed, rate=239,6k fragments per second        ||
||   40% completed, 0,9 mins elapsed, rate=237,1k fragments per second        ||
||   40% completed, 0,9 mins elapsed, rate=234,6k fragments per second        ||
||   41% completed, 1,0 mins elapsed, rate=232,3k fragments per second        ||
||   41% completed, 1,0 mins elapsed, rate=230,0k fragments per second        ||
||   42% completed, 1,0 mins elapsed, rate=227,9k fragments per second        ||
||   42% completed, 1,0 mins elapsed, rate=225,8k fragments per second        ||
|| Start read mapping in chunk.                                               ||
||   43% completed, 1,1 mins elapsed, rate=228,6k fragments per second        ||
||   50% completed, 1,2 mins elapsed, rate=237,3k fragments per second        ||
||   50% completed, 1,2 mins elapsed, rate=229,1k fragments per second        ||
||   51% completed, 1,2 mins elapsed, rate=227,5k fragments per second        ||
||   51% completed, 1,2 mins elapsed, rate=226,0k fragments per second        ||
||   51% completed, 1,2 mins elapsed, rate=224,6k fragments per second        ||
||   52% completed, 1,3 mins elapsed, rate=223,0k fragments per second        ||
||   52% completed, 1,3 mins elapsed, rate=220,9k fragments per second        ||
||   53% completed, 1,3 mins elapsed, rate=218,8k fragments per second        ||
||   53% completed, 1,3 mins elapsed, rate=217,1k fragments per second        ||
||   54% completed, 1,3 mins elapsed, rate=215,2k fragments per second        ||
|| Start read mapping in chunk.                                               ||
||   54% completed, 1,4 mins elapsed, rate=218,1k fragments per second        ||
||   61% completed, 1,5 mins elapsed, rate=220,2k fragments per second        ||
||   62% completed, 1,5 mins elapsed, rate=218,8k fragments per second        ||
||   62% completed, 1,5 mins elapsed, rate=217,5k fragments per second        ||
||   62% completed, 1,6 mins elapsed, rate=216,2k fragments per second        ||
||   63% completed, 1,6 mins elapsed, rate=214,9k fragments per second        ||
||   63% completed, 1,6 mins elapsed, rate=213,1k fragments per second        ||
||   64% completed, 1,6 mins elapsed, rate=211,3k fragments per second        ||
||   64% completed, 1,7 mins elapsed, rate=209,5k fragments per second        ||
||   65% completed, 1,7 mins elapsed, rate=207,8k fragments per second        ||
|| Start read mapping in chunk.                                               ||
||   65% completed, 1,7 mins elapsed, rate=208,8k fragments per second        ||
||   73% completed, 1,9 mins elapsed, rate=210,5k fragments per second        ||
||   73% completed, 1,9 mins elapsed, rate=208,8k fragments per second        ||
||   74% completed, 1,9 mins elapsed, rate=207,7k fragments per second        ||
||   74% completed, 1,9 mins elapsed, rate=206,6k fragments per second        ||
||   74% completed, 1,9 mins elapsed, rate=205,5k fragments per second        ||
||   75% completed, 2,0 mins elapsed, rate=204,4k fragments per second        ||
||   75% completed, 2,0 mins elapsed, rate=203,3k fragments per second        ||
||   75% completed, 2,0 mins elapsed, rate=202,3k fragments per second        ||
||   75% completed, 2,0 mins elapsed, rate=201,3k fragments per second        ||
||   76% completed, 2,0 mins elapsed, rate=200,4k fragments per second        ||
||   76% completed, 2,0 mins elapsed, rate=199,4k fragments per second        ||
|| Start read mapping in chunk.                                               ||
||   77% completed, 2,1 mins elapsed, rate=200,8k fragments per second        ||
||   83% completed, 2,2 mins elapsed, rate=207,1k fragments per second        ||
||   84% completed, 2,2 mins elapsed, rate=202,8k fragments per second        ||
||   84% completed, 2,2 mins elapsed, rate=201,7k fragments per second        ||
||   85% completed, 2,2 mins elapsed, rate=200,7k fragments per second        ||
||   85% completed, 2,3 mins elapsed, rate=199,7k fragments per second        ||
||   85% completed, 2,3 mins elapsed, rate=198,8k fragments per second        ||
||   85% completed, 2,3 mins elapsed, rate=197,8k fragments per second        ||
||   86% completed, 2,3 mins elapsed, rate=196,9k fragments per second        ||
||   86% completed, 2,3 mins elapsed, rate=195,9k fragments per second        ||
||   86% completed, 2,4 mins elapsed, rate=195,0k fragments per second        ||
||   87% completed, 2,4 mins elapsed, rate=194,1k fragments per second        ||
||   87% completed, 2,4 mins elapsed, rate=193,2k fragments per second        ||
||   87% completed, 2,4 mins elapsed, rate=192,3k fragments per second        ||
|| Start read mapping in chunk.                                               ||
||   88% completed, 2,4 mins elapsed, rate=194,1k fragments per second        ||
||   94% completed, 2,5 mins elapsed, rate=199,6k fragments per second        ||
||   95% completed, 2,6 mins elapsed, rate=196,1k fragments per second        ||
||   96% completed, 2,6 mins elapsed, rate=195,2k fragments per second        ||
||   96% completed, 2,6 mins elapsed, rate=194,3k fragments per second        ||
||   96% completed, 2,6 mins elapsed, rate=193,4k fragments per second        ||
||   96% completed, 2,7 mins elapsed, rate=192,6k fragments per second        ||
||   97% completed, 2,7 mins elapsed, rate=191,7k fragments per second        ||
||   97% completed, 2,7 mins elapsed, rate=190,8k fragments per second        ||
||   97% completed, 2,7 mins elapsed, rate=190,0k fragments per second        ||
||   98% completed, 2,7 mins elapsed, rate=189,2k fragments per second        ||
||   98% completed, 2,8 mins elapsed, rate=188,4k fragments per second        ||
||   98% completed, 2,8 mins elapsed, rate=187,6k fragments per second        ||
|| Start read mapping in chunk.                                               ||
||   99% completed, 2,8 mins elapsed, rate=188,2k fragments per second        ||
||   99% completed, 2,8 mins elapsed, rate=186,5k fragments per second        ||
||   99% completed, 2,8 mins elapsed, rate=186,3k fragments per second        ||
||   99% completed, 2,8 mins elapsed, rate=186,2k fragments per second        ||
||   99% completed, 2,8 mins elapsed, rate=186,0k fragments per second        ||
||                                                                            ||
||                           Completed successfully.                          ||
||                                                                            ||
\\====================================    ====================================//

//================================   Summary =================================\\
||                                                                            ||
||             Total fragments : 31.731.733                                   ||
||                      Mapped : 26.065.883 (82,1%)                           ||
||             Uniquely mapped : 26.065.883                                   ||
||               Multi-mapping : 0                                            ||
||                                                                            ||
||                    Unmapped : 5.665.850                                    ||
||                                                                            ||
||             Properly paired : 20.671.418                                   ||
||         Not properly paired : 5.394.465                                    ||
||                   Singleton : 4.117.275                                    ||
||                    Chimeric : 101.051                                      ||
||       Unexpected strandness : 23.482                                       ||
||  Unexpected fragment length : 1.029.211                                    ||
||       Unexpected read order : 123.446                                      ||
||                                                                            ||
||                      Indels : 62.066                                       ||
||                                                                            ||
||                Running time : 3,1 minutes                                  ||
||                                                                            ||
\\============================================================================//

SUBREAD_ID1_RETRY_DONE
