
        ==========     _____ _    _ ____  _____  ______          _____  
        =====         / ____| |  | |  _ \|  __ \|  ____|   /\   |  __ \ 
          =====      | (___ | |  | | |_) | |__) | |__     /  \  | |  | |
            ====      \___ \| |  | |  _ <|  _  /|  __|   / /\ \ | |  | |
              ====    ____) | |__| | |_) | | \ \| |____ / ____ \| |__| |
        ==========   |_____/ \____/|____/|_|  \_\______/_/    \_\_____/
	  v2.0.6

//================================= setting ==================================\\
||                                                                            ||
|| Function      : Read alignment (RNA-Seq)                                   ||
|| Input file 1  : ID-12_1.trimmed.fastq.gz                                   ||
|| Input file 2  : ID-12_2.trimmed.fastq.gz                                   ||
|| Output file   : ID-12.bam (BAM), Sorted                                    ||
|| Index name    : ilAntGemm2                                                 ||
||                                                                            ||
||                    ------------------------------------                    ||
||                                                                            ||
||                               Threads : 16                                 ||
||                          Phred offset : 33                                 ||
||               # of extracted subreads : 10                                 ||
||                        Min read1 vote : 3                                  ||
||                        Min read2 vote : 1                                  ||
||                     Max fragment size : 600                                ||
||                     Min fragment size : 50                                 ||
||                        Max mismatches : 3                                  ||
||                      Max indel length : 5                                  ||
||            Report multi-mapping reads : no                                 ||
|| Max alignments per multi-mapping read : 1                                  ||
||                                                                            ||
\\============================================================================//

//=============== Running (30-Jul-2026 00:10:34, pid=2574596) ================\\
||                                                                            ||
|| Check the input reads.                                                     ||
|| The input file contains base space reads.                                  ||
|| Initialise the memory objects.                                             ||
|| Estimate the mean read length.                                             ||
|| The range of Phred scores observed in the data is [2,40]                   ||
|| Create the output BAM file.                                                ||
|| Check the index.                                                           ||
|| Init the voting space.                                                     ||
|| Global environment is initialised.                                         ||
|| Load the 1-th index block...                                               ||
|| The index block has been loaded.                                           ||
|| Start read mapping in chunk.                                               ||
||    0% completed, 0,0 mins elapsed, rate=260,4k fragments per second        ||
||    6% completed, 0,2 mins elapsed, rate=271,9k fragments per second        ||
||   Estimated fragment length : 179 bp                                       ||
||    7% completed, 0,2 mins elapsed, rate=218,6k fragments per second        ||
||    7% completed, 0,2 mins elapsed, rate=217,9k fragments per second        ||
||    8% completed, 0,2 mins elapsed, rate=217,4k fragments per second        ||
||    8% completed, 0,2 mins elapsed, rate=216,5k fragments per second        ||
||    8% completed, 0,2 mins elapsed, rate=216,2k fragments per second        ||
||    9% completed, 0,2 mins elapsed, rate=215,5k fragments per second        ||
||    9% completed, 0,2 mins elapsed, rate=215,2k fragments per second        ||
||    9% completed, 0,3 mins elapsed, rate=214,6k fragments per second        ||
||   10% completed, 0,3 mins elapsed, rate=214,5k fragments per second        ||
||   10% completed, 0,3 mins elapsed, rate=214,3k fragments per second        ||
|| Start read mapping in chunk.                                               ||
||   10% completed, 0,3 mins elapsed, rate=228,6k fragments per second        ||
||   17% completed, 0,4 mins elapsed, rate=240,2k fragments per second        ||
||   18% completed, 0,5 mins elapsed, rate=218,2k fragments per second        ||
||   18% completed, 0,5 mins elapsed, rate=215,6k fragments per second        ||
||   18% completed, 0,5 mins elapsed, rate=212,7k fragments per second        ||
||   19% completed, 0,5 mins elapsed, rate=211,1k fragments per second        ||
||   19% completed, 0,5 mins elapsed, rate=209,5k fragments per second        ||
||   20% completed, 0,5 mins elapsed, rate=207,2k fragments per second        ||
||   20% completed, 0,6 mins elapsed, rate=205,8k fragments per second        ||
||   20% completed, 0,6 mins elapsed, rate=204,7k fragments per second        ||
|| Start read mapping in chunk.                                               ||
||   21% completed, 0,6 mins elapsed, rate=210,5k fragments per second        ||
||   27% completed, 0,7 mins elapsed, rate=220,4k fragments per second        ||
||   28% completed, 0,8 mins elapsed, rate=208,7k fragments per second        ||
||   29% completed, 0,8 mins elapsed, rate=206,6k fragments per second        ||
||   29% completed, 0,8 mins elapsed, rate=204,6k fragments per second        ||
||   29% completed, 0,8 mins elapsed, rate=203,3k fragments per second        ||
||   30% completed, 0,8 mins elapsed, rate=201,6k fragments per second        ||
||   30% completed, 0,8 mins elapsed, rate=200,3k fragments per second        ||
||   31% completed, 0,9 mins elapsed, rate=198,9k fragments per second        ||
||   31% completed, 0,9 mins elapsed, rate=197,5k fragments per second        ||
|| Start read mapping in chunk.                                               ||
||   32% completed, 0,9 mins elapsed, rate=200,7k fragments per second        ||
||   38% completed, 1,0 mins elapsed, rate=209,2k fragments per second        ||
||   39% completed, 1,1 mins elapsed, rate=200,2k fragments per second        ||
||   39% completed, 1,1 mins elapsed, rate=198,8k fragments per second        ||
||   39% completed, 1,1 mins elapsed, rate=197,6k fragments per second        ||
||   40% completed, 1,1 mins elapsed, rate=196,1k fragments per second        ||
||   40% completed, 1,1 mins elapsed, rate=194,9k fragments per second        ||
||   40% completed, 1,2 mins elapsed, rate=193,6k fragments per second        ||
||   41% completed, 1,2 mins elapsed, rate=192,4k fragments per second        ||
||   41% completed, 1,2 mins elapsed, rate=190,9k fragments per second        ||
||   42% completed, 1,2 mins elapsed, rate=188,9k fragments per second        ||
|| Start read mapping in chunk.                                               ||
||   42% completed, 1,3 mins elapsed, rate=190,6k fragments per second        ||
||   49% completed, 1,4 mins elapsed, rate=197,7k fragments per second        ||
||   50% completed, 1,4 mins elapsed, rate=191,1k fragments per second        ||
||   50% completed, 1,5 mins elapsed, rate=189,9k fragments per second        ||
||   50% completed, 1,5 mins elapsed, rate=188,8k fragments per second        ||
||   51% completed, 1,5 mins elapsed, rate=187,8k fragments per second        ||
||   51% completed, 1,5 mins elapsed, rate=186,8k fragments per second        ||
||   51% completed, 1,5 mins elapsed, rate=185,8k fragments per second        ||
||   52% completed, 1,5 mins elapsed, rate=184,9k fragments per second        ||
||   52% completed, 1,6 mins elapsed, rate=184,1k fragments per second        ||
||   52% completed, 1,6 mins elapsed, rate=183,3k fragments per second        ||
|| Start read mapping in chunk.                                               ||
||   53% completed, 1,6 mins elapsed, rate=185,3k fragments per second        ||
||   60% completed, 1,8 mins elapsed, rate=186,5k fragments per second        ||
||   61% completed, 1,8 mins elapsed, rate=185,4k fragments per second        ||
||   61% completed, 1,8 mins elapsed, rate=184,2k fragments per second        ||
||   61% completed, 1,8 mins elapsed, rate=183,4k fragments per second        ||
||   62% completed, 1,9 mins elapsed, rate=182,8k fragments per second        ||
||   62% completed, 1,9 mins elapsed, rate=181,8k fragments per second        ||
||   62% completed, 1,9 mins elapsed, rate=180,9k fragments per second        ||
||   63% completed, 1,9 mins elapsed, rate=180,2k fragments per second        ||
||   63% completed, 1,9 mins elapsed, rate=179,2k fragments per second        ||
||   63% completed, 2,0 mins elapsed, rate=178,4k fragments per second        ||
|| Start read mapping in chunk.                                               ||
||   64% completed, 2,0 mins elapsed, rate=179,3k fragments per second        ||
||   71% completed, 2,1 mins elapsed, rate=185,2k fragments per second        ||
||   71% completed, 2,2 mins elapsed, rate=181,2k fragments per second        ||
||   72% completed, 2,2 mins elapsed, rate=180,4k fragments per second        ||
||   72% completed, 2,2 mins elapsed, rate=179,4k fragments per second        ||
||   73% completed, 2,2 mins elapsed, rate=178,4k fragments per second        ||
||   73% completed, 2,2 mins elapsed, rate=177,6k fragments per second        ||
||   73% completed, 2,3 mins elapsed, rate=176,8k fragments per second        ||
||   74% completed, 2,3 mins elapsed, rate=176,1k fragments per second        ||
||   74% completed, 2,3 mins elapsed, rate=175,4k fragments per second        ||
||   74% completed, 2,3 mins elapsed, rate=174,7k fragments per second        ||
|| Start read mapping in chunk.                                               ||
||   75% completed, 2,4 mins elapsed, rate=175,7k fragments per second        ||
||   82% completed, 2,5 mins elapsed, rate=177,6k fragments per second        ||
||   83% completed, 2,5 mins elapsed, rate=176,8k fragments per second        ||
||   83% completed, 2,6 mins elapsed, rate=175,9k fragments per second        ||
||   83% completed, 2,6 mins elapsed, rate=175,1k fragments per second        ||
||   84% completed, 2,6 mins elapsed, rate=174,3k fragments per second        ||
||   84% completed, 2,6 mins elapsed, rate=173,4k fragments per second        ||
||   84% completed, 2,7 mins elapsed, rate=172,8k fragments per second        ||
||   85% completed, 2,7 mins elapsed, rate=172,1k fragments per second        ||
||   85% completed, 2,7 mins elapsed, rate=171,4k fragments per second        ||
||   85% completed, 2,7 mins elapsed, rate=170,8k fragments per second        ||
|| Start read mapping in chunk.                                               ||
||   86% completed, 2,7 mins elapsed, rate=171,7k fragments per second        ||
||   92% completed, 2,9 mins elapsed, rate=175,9k fragments per second        ||
||   93% completed, 2,9 mins elapsed, rate=173,2k fragments per second        ||
||   94% completed, 2,9 mins elapsed, rate=172,3k fragments per second        ||
||   94% completed, 3,0 mins elapsed, rate=171,6k fragments per second        ||
||   95% completed, 3,0 mins elapsed, rate=170,3k fragments per second        ||
||   95% completed, 3,0 mins elapsed, rate=169,6k fragments per second        ||
||   95% completed, 3,1 mins elapsed, rate=168,8k fragments per second        ||
||   96% completed, 3,1 mins elapsed, rate=168,0k fragments per second        ||
||   96% completed, 3,1 mins elapsed, rate=167,4k fragments per second        ||
||   96% completed, 3,1 mins elapsed, rate=166,8k fragments per second        ||
|| Start read mapping in chunk.                                               ||
||   97% completed, 3,2 mins elapsed, rate=167,6k fragments per second        ||
||   99% completed, 3,2 mins elapsed, rate=166,9k fragments per second        ||
||   99% completed, 3,2 mins elapsed, rate=166,7k fragments per second        ||
||   99% completed, 3,2 mins elapsed, rate=166,5k fragments per second        ||
||   99% completed, 3,2 mins elapsed, rate=166,4k fragments per second        ||
||   99% completed, 3,2 mins elapsed, rate=166,1k fragments per second        ||
||   99% completed, 3,2 mins elapsed, rate=165,8k fragments per second        ||
||   99% completed, 3,3 mins elapsed, rate=165,6k fragments per second        ||
||   99% completed, 3,3 mins elapsed, rate=165,5k fragments per second        ||
||                                                                            ||
||                           Completed successfully.                          ||
||                                                                            ||
\\====================================    ====================================//

//================================   Summary =================================\\
||                                                                            ||
||             Total fragments : 32.392.039                                   ||
||                      Mapped : 26.913.961 (83,1%)                           ||
||             Uniquely mapped : 26.913.961                                   ||
||               Multi-mapping : 0                                            ||
||                                                                            ||
||                    Unmapped : 5.478.078                                    ||
||                                                                            ||
||             Properly paired : 21.924.755                                   ||
||         Not properly paired : 4.989.206                                    ||
||                   Singleton : 3.494.393                                    ||
||                    Chimeric : 15.215                                       ||
||       Unexpected strandness : 7.879                                        ||
||  Unexpected fragment length : 1.359.568                                    ||
||       Unexpected read order : 112.151                                      ||
||                                                                            ||
||                      Indels : 40.617                                       ||
||                                                                            ||
||                Running time : 3,8 minutes                                  ||
||                                                                            ||
\\============================================================================//

