
        ==========     _____ _    _ ____  _____  ______          _____  
        =====         / ____| |  | |  _ \|  __ \|  ____|   /\   |  __ \ 
          =====      | (___ | |  | | |_) | |__) | |__     /  \  | |  | |
            ====      \___ \| |  | |  _ <|  _  /|  __|   / /\ \ | |  | |
              ====    ____) | |__| | |_) | | \ \| |____ / ____ \| |__| |
        ==========   |_____/ \____/|____/|_|  \_\______/_/    \_\_____/
	  v2.0.6

//================================= setting ==================================\\
||                                                                            ||
|| Function      : Read alignment (RNA-Seq)                                   ||
|| Input file 1  : ID-16_1.trimmed.fastq.gz                                   ||
|| Input file 2  : ID-16_2.trimmed.fastq.gz                                   ||
|| Output file   : ID-16.bam (BAM), Sorted                                    ||
|| Index name    : ilAntGemm2                                                 ||
||                                                                            ||
||                    ------------------------------------                    ||
||                                                                            ||
||                               Threads : 16                                 ||
||                          Phred offset : 33                                 ||
||               # of extracted subreads : 10                                 ||
||                        Min read1 vote : 3                                  ||
||                        Min read2 vote : 1                                  ||
||                     Max fragment size : 600                                ||
||                     Min fragment size : 50                                 ||
||                        Max mismatches : 3                                  ||
||                      Max indel length : 5                                  ||
||            Report multi-mapping reads : no                                 ||
|| Max alignments per multi-mapping read : 1                                  ||
||                                                                            ||
\\============================================================================//

//=============== Running (30-Jul-2026 00:20:32, pid=2579972) ================\\
||                                                                            ||
|| Check the input reads.                                                     ||
|| The input file contains base space reads.                                  ||
|| Initialise the memory objects.                                             ||
|| Estimate the mean read length.                                             ||
|| The range of Phred scores observed in the data is [2,40]                   ||
|| Create the output BAM file.                                                ||
|| Check the index.                                                           ||
|| Init the voting space.                                                     ||
|| Global environment is initialised.                                         ||
|| Load the 1-th index block...                                               ||
|| The index block has been loaded.                                           ||
|| Start read mapping in chunk.                                               ||
||    0% completed, 0,1 mins elapsed, rate=250,8k fragments per second        ||
||    7% completed, 0,2 mins elapsed, rate=259,7k fragments per second        ||
||   Estimated fragment length : 192 bp                                       ||
||    8% completed, 0,2 mins elapsed, rate=190,9k fragments per second        ||
||    8% completed, 0,2 mins elapsed, rate=190,8k fragments per second        ||
||    9% completed, 0,2 mins elapsed, rate=191,2k fragments per second        ||
||    9% completed, 0,2 mins elapsed, rate=191,5k fragments per second        ||
||   10% completed, 0,3 mins elapsed, rate=192,0k fragments per second        ||
||   10% completed, 0,3 mins elapsed, rate=192,2k fragments per second        ||
||   11% completed, 0,3 mins elapsed, rate=192,3k fragments per second        ||
||   11% completed, 0,3 mins elapsed, rate=192,4k fragments per second        ||
||   12% completed, 0,3 mins elapsed, rate=192,4k fragments per second        ||
|| Start read mapping in chunk.                                               ||
||   12% completed, 0,3 mins elapsed, rate=219,3k fragments per second        ||
||   19% completed, 0,4 mins elapsed, rate=232,0k fragments per second        ||
||   21% completed, 0,5 mins elapsed, rate=204,6k fragments per second        ||
||   21% completed, 0,5 mins elapsed, rate=203,3k fragments per second        ||
||   22% completed, 0,5 mins elapsed, rate=202,2k fragments per second        ||
||   22% completed, 0,5 mins elapsed, rate=201,0k fragments per second        ||
||   22% completed, 0,5 mins elapsed, rate=199,9k fragments per second        ||
||   23% completed, 0,5 mins elapsed, rate=199,0k fragments per second        ||
||   23% completed, 0,6 mins elapsed, rate=198,1k fragments per second        ||
||   24% completed, 0,6 mins elapsed, rate=197,1k fragments per second        ||
||   24% completed, 0,6 mins elapsed, rate=196,4k fragments per second        ||
||   24% completed, 0,6 mins elapsed, rate=195,5k fragments per second        ||
|| Start read mapping in chunk.                                               ||
||   25% completed, 0,6 mins elapsed, rate=209,1k fragments per second        ||
||   32% completed, 0,7 mins elapsed, rate=217,2k fragments per second        ||
||   33% completed, 0,8 mins elapsed, rate=200,3k fragments per second        ||
||   34% completed, 0,8 mins elapsed, rate=198,7k fragments per second        ||
||   34% completed, 0,8 mins elapsed, rate=197,4k fragments per second        ||
||   35% completed, 0,8 mins elapsed, rate=196,2k fragments per second        ||
||   35% completed, 0,8 mins elapsed, rate=195,1k fragments per second        ||
||   35% completed, 0,9 mins elapsed, rate=193,8k fragments per second        ||
||   36% completed, 0,9 mins elapsed, rate=192,6k fragments per second        ||
||   36% completed, 0,9 mins elapsed, rate=190,9k fragments per second        ||
||   37% completed, 0,9 mins elapsed, rate=189,3k fragments per second        ||
|| Start read mapping in chunk.                                               ||
||   37% completed, 0,9 mins elapsed, rate=197,1k fragments per second        ||
||   44% completed, 1,1 mins elapsed, rate=204,9k fragments per second        ||
||   46% completed, 1,1 mins elapsed, rate=194,4k fragments per second        ||
||   46% completed, 1,1 mins elapsed, rate=193,4k fragments per second        ||
||   47% completed, 1,1 mins elapsed, rate=192,4k fragments per second        ||
||   47% completed, 1,2 mins elapsed, rate=191,4k fragments per second        ||
||   47% completed, 1,2 mins elapsed, rate=190,5k fragments per second        ||
||   48% completed, 1,2 mins elapsed, rate=189,6k fragments per second        ||
||   48% completed, 1,2 mins elapsed, rate=188,7k fragments per second        ||
||   49% completed, 1,2 mins elapsed, rate=187,8k fragments per second        ||
||   49% completed, 1,2 mins elapsed, rate=187,0k fragments per second        ||
||   49% completed, 1,2 mins elapsed, rate=186,1k fragments per second        ||
|| Start read mapping in chunk.                                               ||
||   50% completed, 1,3 mins elapsed, rate=191,5k fragments per second        ||
||   58% completed, 1,4 mins elapsed, rate=190,1k fragments per second        ||
||   59% completed, 1,5 mins elapsed, rate=189,5k fragments per second        ||
||   59% completed, 1,5 mins elapsed, rate=188,7k fragments per second        ||
||   59% completed, 1,5 mins elapsed, rate=187,8k fragments per second        ||
||   60% completed, 1,5 mins elapsed, rate=186,8k fragments per second        ||
||   60% completed, 1,5 mins elapsed, rate=185,9k fragments per second        ||
||   61% completed, 1,5 mins elapsed, rate=184,8k fragments per second        ||
||   61% completed, 1,6 mins elapsed, rate=184,1k fragments per second        ||
||   62% completed, 1,6 mins elapsed, rate=183,3k fragments per second        ||
||   62% completed, 1,6 mins elapsed, rate=182,4k fragments per second        ||
|| Start read mapping in chunk.                                               ||
||   63% completed, 1,6 mins elapsed, rate=186,6k fragments per second        ||
||   69% completed, 1,7 mins elapsed, rate=190,8k fragments per second        ||
||   71% completed, 1,8 mins elapsed, rate=184,9k fragments per second        ||
||   72% completed, 1,8 mins elapsed, rate=184,3k fragments per second        ||
||   72% completed, 1,8 mins elapsed, rate=183,5k fragments per second        ||
||   72% completed, 1,9 mins elapsed, rate=182,5k fragments per second        ||
||   73% completed, 1,9 mins elapsed, rate=181,7k fragments per second        ||
||   73% completed, 1,9 mins elapsed, rate=181,0k fragments per second        ||
||   74% completed, 1,9 mins elapsed, rate=180,0k fragments per second        ||
||   74% completed, 1,9 mins elapsed, rate=179,2k fragments per second        ||
||   75% completed, 1,9 mins elapsed, rate=178,6k fragments per second        ||
||   75% completed, 2,0 mins elapsed, rate=178,1k fragments per second        ||
|| Start read mapping in chunk.                                               ||
||   76% completed, 2,0 mins elapsed, rate=181,8k fragments per second        ||
||   84% completed, 2,1 mins elapsed, rate=186,4k fragments per second        ||
||   84% completed, 2,2 mins elapsed, rate=180,0k fragments per second        ||
||   85% completed, 2,2 mins elapsed, rate=179,2k fragments per second        ||
||   85% completed, 2,2 mins elapsed, rate=178,6k fragments per second        ||
||   85% completed, 2,2 mins elapsed, rate=177,9k fragments per second        ||
||   86% completed, 2,2 mins elapsed, rate=177,1k fragments per second        ||
||   86% completed, 2,3 mins elapsed, rate=176,3k fragments per second        ||
||   87% completed, 2,3 mins elapsed, rate=175,6k fragments per second        ||
||   88% completed, 2,3 mins elapsed, rate=174,6k fragments per second        ||
|| Start read mapping in chunk.                                               ||
||   89% completed, 2,4 mins elapsed, rate=177,3k fragments per second        ||
||   95% completed, 2,5 mins elapsed, rate=181,1k fragments per second        ||
||   96% completed, 2,5 mins elapsed, rate=176,7k fragments per second        ||
||   97% completed, 2,5 mins elapsed, rate=176,1k fragments per second        ||
||   97% completed, 2,5 mins elapsed, rate=175,5k fragments per second        ||
||   97% completed, 2,6 mins elapsed, rate=175,0k fragments per second        ||
||   98% completed, 2,6 mins elapsed, rate=174,5k fragments per second        ||
||   98% completed, 2,6 mins elapsed, rate=174,0k fragments per second        ||
||   98% completed, 2,6 mins elapsed, rate=173,5k fragments per second        ||
||   99% completed, 2,6 mins elapsed, rate=173,0k fragments per second        ||
||   99% completed, 2,6 mins elapsed, rate=172,4k fragments per second        ||
||   99% completed, 2,7 mins elapsed, rate=172,0k fragments per second        ||
||                                                                            ||
||                           Completed successfully.                          ||
||                                                                            ||
\\====================================    ====================================//

//================================   Summary =================================\\
||                                                                            ||
||             Total fragments : 27.545.739                                   ||
||                      Mapped : 22.784.344 (82,7%)                           ||
||             Uniquely mapped : 22.784.344                                   ||
||               Multi-mapping : 0                                            ||
||                                                                            ||
||                    Unmapped : 4.761.395                                    ||
||                                                                            ||
||             Properly paired : 17.876.888                                   ||
||         Not properly paired : 4.907.456                                    ||
||                   Singleton : 3.427.461                                    ||
||                    Chimeric : 11.339                                       ||
||       Unexpected strandness : 10.370                                       ||
||  Unexpected fragment length : 1.369.182                                    ||
||       Unexpected read order : 89.104                                       ||
||                                                                            ||
||                      Indels : 33.625                                       ||
||                                                                            ||
||                Running time : 3,1 minutes                                  ||
||                                                                            ||
\\============================================================================//

