
        ==========     _____ _    _ ____  _____  ______          _____  
        =====         / ____| |  | |  _ \|  __ \|  ____|   /\   |  __ \ 
          =====      | (___ | |  | | |_) | |__) | |__     /  \  | |  | |
            ====      \___ \| |  | |  _ <|  _  /|  __|   / /\ \ | |  | |
              ====    ____) | |__| | |_) | | \ \| |____ / ____ \| |__| |
        ==========   |_____/ \____/|____/|_|  \_\______/_/    \_\_____/
	  v2.0.6

//================================= setting ==================================\\
||                                                                            ||
|| Function      : Read alignment (RNA-Seq)                                   ||
|| Input file 1  : ID-2_1.trimmed.fastq.gz                                    ||
|| Input file 2  : ID-2_2.trimmed.fastq.gz                                    ||
|| Output file   : ID-2.bam (BAM), Sorted                                     ||
|| Index name    : ilAntGemm2                                                 ||
||                                                                            ||
||                    ------------------------------------                    ||
||                                                                            ||
||                               Threads : 16                                 ||
||                          Phred offset : 33                                 ||
||               # of extracted subreads : 10                                 ||
||                        Min read1 vote : 3                                  ||
||                        Min read2 vote : 1                                  ||
||                     Max fragment size : 600                                ||
||                     Min fragment size : 50                                 ||
||                        Max mismatches : 3                                  ||
||                      Max indel length : 5                                  ||
||            Report multi-mapping reads : no                                 ||
|| Max alignments per multi-mapping read : 1                                  ||
||                                                                            ||
\\============================================================================//

//=============== Running (29-Jul-2026 23:48:26, pid=2567841) ================\\
||                                                                            ||
|| Check the input reads.                                                     ||
|| The input file contains base space reads.                                  ||
|| Initialise the memory objects.                                             ||
|| Estimate the mean read length.                                             ||
|| The range of Phred scores observed in the data is [2,40]                   ||
|| Create the output BAM file.                                                ||
|| Check the index.                                                           ||
|| Init the voting space.                                                     ||
|| Global environment is initialised.                                         ||
|| Load the 1-th index block...                                               ||
|| The index block has been loaded.                                           ||
|| Start read mapping in chunk.                                               ||
||    0% completed, 0,1 mins elapsed, rate=217,5k fragments per second        ||
||    6% completed, 0,2 mins elapsed, rate=219,0k fragments per second        ||
||   Estimated fragment length : 184 bp                                       ||
||    7% completed, 0,3 mins elapsed, rate=158,9k fragments per second        ||
||    8% completed, 0,3 mins elapsed, rate=156,0k fragments per second        ||
||    8% completed, 0,3 mins elapsed, rate=152,8k fragments per second        ||
||    8% completed, 0,3 mins elapsed, rate=149,8k fragments per second        ||
||    9% completed, 0,3 mins elapsed, rate=146,7k fragments per second        ||
||    9% completed, 0,4 mins elapsed, rate=144,5k fragments per second        ||
||   10% completed, 0,4 mins elapsed, rate=140,8k fragments per second        ||
||   10% completed, 0,4 mins elapsed, rate=139,1k fragments per second        ||
||   10% completed, 0,4 mins elapsed, rate=137,7k fragments per second        ||
|| Start read mapping in chunk.                                               ||
||   11% completed, 0,4 mins elapsed, rate=153,8k fragments per second        ||
||   17% completed, 0,6 mins elapsed, rate=177,1k fragments per second        ||
||   18% completed, 0,6 mins elapsed, rate=155,0k fragments per second        ||
||   19% completed, 0,7 mins elapsed, rate=152,1k fragments per second        ||
||   19% completed, 0,7 mins elapsed, rate=149,3k fragments per second        ||
||   20% completed, 0,7 mins elapsed, rate=146,5k fragments per second        ||
||   20% completed, 0,7 mins elapsed, rate=144,7k fragments per second        ||
||   20% completed, 0,8 mins elapsed, rate=141,7k fragments per second        ||
||   21% completed, 0,8 mins elapsed, rate=140,2k fragments per second        ||
||   21% completed, 0,8 mins elapsed, rate=137,8k fragments per second        ||
|| Start read mapping in chunk.                                               ||
||   22% completed, 0,9 mins elapsed, rate=143,8k fragments per second        ||
||   30% completed, 1,1 mins elapsed, rate=145,1k fragments per second        ||
||   30% completed, 1,1 mins elapsed, rate=143,1k fragments per second        ||
||   30% completed, 1,1 mins elapsed, rate=141,5k fragments per second        ||
||   30% completed, 1,2 mins elapsed, rate=139,6k fragments per second        ||
||   31% completed, 1,2 mins elapsed, rate=137,6k fragments per second        ||
||   31% completed, 1,2 mins elapsed, rate=135,7k fragments per second        ||
||   31% completed, 1,3 mins elapsed, rate=133,8k fragments per second        ||
||   32% completed, 1,3 mins elapsed, rate=132,6k fragments per second        ||
||   32% completed, 1,3 mins elapsed, rate=131,2k fragments per second        ||
||   33% completed, 1,3 mins elapsed, rate=129,5k fragments per second        ||
|| Start read mapping in chunk.                                               ||
||   33% completed, 1,4 mins elapsed, rate=133,7k fragments per second        ||
||   40% completed, 1,5 mins elapsed, rate=144,1k fragments per second        ||
||   41% completed, 1,6 mins elapsed, rate=136,4k fragments per second        ||
||   41% completed, 1,6 mins elapsed, rate=134,4k fragments per second        ||
||   42% completed, 1,7 mins elapsed, rate=132,7k fragments per second        ||
||   42% completed, 1,7 mins elapsed, rate=131,0k fragments per second        ||
||   42% completed, 1,7 mins elapsed, rate=129,2k fragments per second        ||
||   43% completed, 1,8 mins elapsed, rate=127,5k fragments per second        ||
||   43% completed, 1,8 mins elapsed, rate=124,9k fragments per second        ||
||   44% completed, 1,9 mins elapsed, rate=123,5k fragments per second        ||
||   44% completed, 1,9 mins elapsed, rate=122,1k fragments per second        ||
|| Start read mapping in chunk.                                               ||
||   44% completed, 1,9 mins elapsed, rate=125,0k fragments per second        ||
||   51% completed, 2,1 mins elapsed, rate=132,6k fragments per second        ||
||   52% completed, 2,2 mins elapsed, rate=127,1k fragments per second        ||
||   52% completed, 2,2 mins elapsed, rate=125,5k fragments per second        ||
||   52% completed, 2,2 mins elapsed, rate=123,9k fragments per second        ||
||   53% completed, 2,3 mins elapsed, rate=122,4k fragments per second        ||
||   53% completed, 2,3 mins elapsed, rate=121,0k fragments per second        ||
||   54% completed, 2,4 mins elapsed, rate=119,7k fragments per second        ||
||   54% completed, 2,4 mins elapsed, rate=118,5k fragments per second        ||
||   54% completed, 2,5 mins elapsed, rate=117,2k fragments per second        ||
||   55% completed, 2,5 mins elapsed, rate=115,9k fragments per second        ||
|| Start read mapping in chunk.                                               ||
||   55% completed, 2,6 mins elapsed, rate=117,1k fragments per second        ||
||   63% completed, 2,8 mins elapsed, rate=119,5k fragments per second        ||
||   63% completed, 2,8 mins elapsed, rate=118,2k fragments per second        ||
||   64% completed, 2,9 mins elapsed, rate=116,9k fragments per second        ||
||   64% completed, 2,9 mins elapsed, rate=115,7k fragments per second        ||
||   64% completed, 3,0 mins elapsed, rate=114,6k fragments per second        ||
||   65% completed, 3,0 mins elapsed, rate=113,5k fragments per second        ||
||   65% completed, 3,1 mins elapsed, rate=112,5k fragments per second        ||
||   66% completed, 3,1 mins elapsed, rate=111,6k fragments per second        ||
||   66% completed, 3,1 mins elapsed, rate=110,7k fragments per second        ||
||   66% completed, 3,2 mins elapsed, rate=109,8k fragments per second        ||
|| Start read mapping in chunk.                                               ||
||   67% completed, 3,2 mins elapsed, rate=111,3k fragments per second        ||
||   73% completed, 3,4 mins elapsed, rate=116,2k fragments per second        ||
||   74% completed, 3,4 mins elapsed, rate=113,1k fragments per second        ||
||   75% completed, 3,5 mins elapsed, rate=112,1k fragments per second        ||
||   75% completed, 3,5 mins elapsed, rate=111,0k fragments per second        ||
||   75% completed, 3,6 mins elapsed, rate=110,0k fragments per second        ||
||   76% completed, 3,6 mins elapsed, rate=109,0k fragments per second        ||
||   76% completed, 3,7 mins elapsed, rate=108,0k fragments per second        ||
||   77% completed, 3,8 mins elapsed, rate=106,5k fragments per second        ||
||   77% completed, 3,8 mins elapsed, rate=105,6k fragments per second        ||
||   78% completed, 3,9 mins elapsed, rate=104,7k fragments per second        ||
|| Start read mapping in chunk.                                               ||
||   78% completed, 3,9 mins elapsed, rate=106,2k fragments per second        ||
||   85% completed, 4,0 mins elapsed, rate=110,7k fragments per second        ||
||   86% completed, 4,1 mins elapsed, rate=108,3k fragments per second        ||
||   86% completed, 4,2 mins elapsed, rate=107,4k fragments per second        ||
||   86% completed, 4,2 mins elapsed, rate=106,5k fragments per second        ||
||   87% completed, 4,3 mins elapsed, rate=105,6k fragments per second        ||
||   87% completed, 4,3 mins elapsed, rate=104,8k fragments per second        ||
||   88% completed, 4,4 mins elapsed, rate=103,9k fragments per second        ||
||   88% completed, 4,5 mins elapsed, rate=103,2k fragments per second        ||
||   88% completed, 4,5 mins elapsed, rate=102,5k fragments per second        ||
||   89% completed, 4,6 mins elapsed, rate=101,7k fragments per second        ||
|| Start read mapping in chunk.                                               ||
||   90% completed, 4,6 mins elapsed, rate=102,8k fragments per second        ||
||   95% completed, 4,7 mins elapsed, rate=106,2k fragments per second        ||
||   96% completed, 4,8 mins elapsed, rate=104,3k fragments per second        ||
||   97% completed, 4,9 mins elapsed, rate=103,6k fragments per second        ||
||   97% completed, 4,9 mins elapsed, rate=102,9k fragments per second        ||
||   97% completed, 5,0 mins elapsed, rate=102,2k fragments per second        ||
||   98% completed, 5,0 mins elapsed, rate=101,5k fragments per second        ||
||   98% completed, 5,1 mins elapsed, rate=100,8k fragments per second        ||
||   99% completed, 5,1 mins elapsed, rate=100,2k fragments per second        ||
||   99% completed, 5,2 mins elapsed, rate=99,5k fragments per second         ||
||   99% completed, 5,2 mins elapsed, rate=98,9k fragments per second         ||
||                                                                            ||
||                           Completed successfully.                          ||
||                                                                            ||
\\====================================    ====================================//

//================================   Summary =================================\\
||                                                                            ||
||             Total fragments : 31.135.510                                   ||
||                      Mapped : 23.553.761 (75,6%)                           ||
||             Uniquely mapped : 23.553.761                                   ||
||               Multi-mapping : 0                                            ||
||                                                                            ||
||                    Unmapped : 7.581.749                                    ||
||                                                                            ||
||             Properly paired : 18.827.269                                   ||
||         Not properly paired : 4.726.492                                    ||
||                   Singleton : 3.819.071                                    ||
||                    Chimeric : 8.780                                        ||
||       Unexpected strandness : 20.101                                       ||
||  Unexpected fragment length : 780.938                                      ||
||       Unexpected read order : 97.602                                       ||
||                                                                            ||
||                      Indels : 50.952                                       ||
||                                                                            ||
||                Running time : 5,8 minutes                                  ||
||                                                                            ||
\\============================================================================//

