
        ==========     _____ _    _ ____  _____  ______          _____  
        =====         / ____| |  | |  _ \|  __ \|  ____|   /\   |  __ \ 
          =====      | (___ | |  | | |_) | |__) | |__     /  \  | |  | |
            ====      \___ \| |  | |  _ <|  _  /|  __|   / /\ \ | |  | |
              ====    ____) | |__| | |_) | | \ \| |____ / ____ \| |__| |
        ==========   |_____/ \____/|____/|_|  \_\______/_/    \_\_____/
	  v2.0.6

//================================= setting ==================================\\
||                                                                            ||
|| Function      : Read alignment (RNA-Seq)                                   ||
|| Input file 1  : ID-3_1.trimmed.fastq.gz                                    ||
|| Input file 2  : ID-3_2.trimmed.fastq.gz                                    ||
|| Output file   : ID-3.bam (BAM), Sorted                                     ||
|| Index name    : ilAntGemm2                                                 ||
||                                                                            ||
||                    ------------------------------------                    ||
||                                                                            ||
||                               Threads : 16                                 ||
||                          Phred offset : 33                                 ||
||               # of extracted subreads : 10                                 ||
||                        Min read1 vote : 3                                  ||
||                        Min read2 vote : 1                                  ||
||                     Max fragment size : 600                                ||
||                     Min fragment size : 50                                 ||
||                        Max mismatches : 3                                  ||
||                      Max indel length : 5                                  ||
||            Report multi-mapping reads : no                                 ||
|| Max alignments per multi-mapping read : 1                                  ||
||                                                                            ||
\\============================================================================//

//=============== Running (29-Jul-2026 23:54:26, pid=2568741) ================\\
||                                                                            ||
|| Check the input reads.                                                     ||
|| The input file contains base space reads.                                  ||
|| Initialise the memory objects.                                             ||
|| Estimate the mean read length.                                             ||
|| The range of Phred scores observed in the data is [2,40]                   ||
|| Create the output BAM file.                                                ||
|| Check the index.                                                           ||
|| Init the voting space.                                                     ||
|| Global environment is initialised.                                         ||
|| Load the 1-th index block...                                               ||
|| The index block has been loaded.                                           ||
|| Start read mapping in chunk.                                               ||
||    0% completed, 0,1 mins elapsed, rate=216,0k fragments per second        ||
||    7% completed, 0,2 mins elapsed, rate=228,7k fragments per second        ||
||   Estimated fragment length : 190 bp                                       ||
||    9% completed, 0,2 mins elapsed, rate=169,8k fragments per second        ||
||    9% completed, 0,3 mins elapsed, rate=172,8k fragments per second        ||
||   10% completed, 0,3 mins elapsed, rate=175,6k fragments per second        ||
||   10% completed, 0,3 mins elapsed, rate=177,7k fragments per second        ||
||   10% completed, 0,3 mins elapsed, rate=179,4k fragments per second        ||
||   11% completed, 0,3 mins elapsed, rate=181,0k fragments per second        ||
||   11% completed, 0,3 mins elapsed, rate=182,6k fragments per second        ||
||   12% completed, 0,3 mins elapsed, rate=184,3k fragments per second        ||
||   12% completed, 0,3 mins elapsed, rate=186,0k fragments per second        ||
|| Start read mapping in chunk.                                               ||
||   13% completed, 0,3 mins elapsed, rate=218,2k fragments per second        ||
||   19% completed, 0,5 mins elapsed, rate=223,4k fragments per second        ||
||   21% completed, 0,5 mins elapsed, rate=195,4k fragments per second        ||
||   22% completed, 0,5 mins elapsed, rate=195,9k fragments per second        ||
||   22% completed, 0,5 mins elapsed, rate=196,4k fragments per second        ||
||   23% completed, 0,5 mins elapsed, rate=196,9k fragments per second        ||
||   23% completed, 0,5 mins elapsed, rate=197,3k fragments per second        ||
||   24% completed, 0,5 mins elapsed, rate=197,7k fragments per second        ||
||   24% completed, 0,6 mins elapsed, rate=198,0k fragments per second        ||
||   24% completed, 0,6 mins elapsed, rate=198,3k fragments per second        ||
||   25% completed, 0,6 mins elapsed, rate=198,7k fragments per second        ||
|| Start read mapping in chunk.                                               ||
||   26% completed, 0,6 mins elapsed, rate=215,5k fragments per second        ||
||   32% completed, 0,7 mins elapsed, rate=219,3k fragments per second        ||
||   34% completed, 0,8 mins elapsed, rate=201,4k fragments per second        ||
||   35% completed, 0,8 mins elapsed, rate=201,3k fragments per second        ||
||   35% completed, 0,8 mins elapsed, rate=201,3k fragments per second        ||
||   36% completed, 0,8 mins elapsed, rate=201,2k fragments per second        ||
||   36% completed, 0,8 mins elapsed, rate=201,1k fragments per second        ||
||   37% completed, 0,8 mins elapsed, rate=201,0k fragments per second        ||
||   37% completed, 0,8 mins elapsed, rate=201,0k fragments per second        ||
||   37% completed, 0,8 mins elapsed, rate=201,0k fragments per second        ||
||   38% completed, 0,9 mins elapsed, rate=200,9k fragments per second        ||
||   38% completed, 0,9 mins elapsed, rate=201,0k fragments per second        ||
|| Start read mapping in chunk.                                               ||
||   39% completed, 0,9 mins elapsed, rate=211,9k fragments per second        ||
||   45% completed, 1,0 mins elapsed, rate=214,6k fragments per second        ||
||   47% completed, 1,1 mins elapsed, rate=201,6k fragments per second        ||
||   48% completed, 1,1 mins elapsed, rate=201,5k fragments per second        ||
||   48% completed, 1,1 mins elapsed, rate=201,4k fragments per second        ||
||   49% completed, 1,1 mins elapsed, rate=201,1k fragments per second        ||
||   49% completed, 1,1 mins elapsed, rate=200,9k fragments per second        ||
||   49% completed, 1,1 mins elapsed, rate=200,8k fragments per second        ||
||   50% completed, 1,1 mins elapsed, rate=200,5k fragments per second        ||
||   50% completed, 1,1 mins elapsed, rate=200,4k fragments per second        ||
||   51% completed, 1,2 mins elapsed, rate=200,2k fragments per second        ||
|| Start read mapping in chunk.                                               ||
||   52% completed, 1,2 mins elapsed, rate=208,0k fragments per second        ||
||   58% completed, 1,3 mins elapsed, rate=210,5k fragments per second        ||
||   60% completed, 1,4 mins elapsed, rate=200,4k fragments per second        ||
||   61% completed, 1,4 mins elapsed, rate=200,2k fragments per second        ||
||   61% completed, 1,4 mins elapsed, rate=199,9k fragments per second        ||
||   61% completed, 1,4 mins elapsed, rate=199,8k fragments per second        ||
||   62% completed, 1,4 mins elapsed, rate=199,7k fragments per second        ||
||   62% completed, 1,4 mins elapsed, rate=199,5k fragments per second        ||
||   63% completed, 1,4 mins elapsed, rate=199,3k fragments per second        ||
||   63% completed, 1,4 mins elapsed, rate=199,2k fragments per second        ||
||   64% completed, 1,5 mins elapsed, rate=199,0k fragments per second        ||
||   64% completed, 1,5 mins elapsed, rate=198,9k fragments per second        ||
|| Start read mapping in chunk.                                               ||
||   65% completed, 1,5 mins elapsed, rate=205,5k fragments per second        ||
||   71% completed, 1,6 mins elapsed, rate=206,7k fragments per second        ||
||   73% completed, 1,7 mins elapsed, rate=198,1k fragments per second        ||
||   74% completed, 1,7 mins elapsed, rate=197,8k fragments per second        ||
||   74% completed, 1,7 mins elapsed, rate=197,6k fragments per second        ||
||   75% completed, 1,7 mins elapsed, rate=197,3k fragments per second        ||
||   75% completed, 1,7 mins elapsed, rate=196,9k fragments per second        ||
||   76% completed, 1,7 mins elapsed, rate=196,7k fragments per second        ||
||   76% completed, 1,7 mins elapsed, rate=196,4k fragments per second        ||
||   77% completed, 1,8 mins elapsed, rate=196,3k fragments per second        ||
||   77% completed, 1,8 mins elapsed, rate=196,0k fragments per second        ||
||   77% completed, 1,8 mins elapsed, rate=195,7k fragments per second        ||
|| Start read mapping in chunk.                                               ||
||   78% completed, 1,8 mins elapsed, rate=201,1k fragments per second        ||
||   85% completed, 1,9 mins elapsed, rate=202,8k fragments per second        ||
||   87% completed, 2,0 mins elapsed, rate=195,7k fragments per second        ||
||   87% completed, 2,0 mins elapsed, rate=195,5k fragments per second        ||
||   88% completed, 2,0 mins elapsed, rate=195,3k fragments per second        ||
||   88% completed, 2,0 mins elapsed, rate=195,1k fragments per second        ||
||   89% completed, 2,0 mins elapsed, rate=194,8k fragments per second        ||
||   89% completed, 2,0 mins elapsed, rate=194,7k fragments per second        ||
||   89% completed, 2,1 mins elapsed, rate=194,5k fragments per second        ||
||   90% completed, 2,1 mins elapsed, rate=194,4k fragments per second        ||
||   90% completed, 2,1 mins elapsed, rate=194,3k fragments per second        ||
||   91% completed, 2,1 mins elapsed, rate=194,2k fragments per second        ||
|| Start read mapping in chunk.                                               ||
||   91% completed, 2,1 mins elapsed, rate=198,8k fragments per second        ||
||   97% completed, 2,2 mins elapsed, rate=194,5k fragments per second        ||
||   97% completed, 2,2 mins elapsed, rate=194,4k fragments per second        ||
||   98% completed, 2,2 mins elapsed, rate=194,3k fragments per second        ||
||   98% completed, 2,3 mins elapsed, rate=194,2k fragments per second        ||
||   98% completed, 2,3 mins elapsed, rate=194,1k fragments per second        ||
||   98% completed, 2,3 mins elapsed, rate=193,9k fragments per second        ||
||   99% completed, 2,3 mins elapsed, rate=193,7k fragments per second        ||
||   99% completed, 2,3 mins elapsed, rate=193,6k fragments per second        ||
||   99% completed, 2,3 mins elapsed, rate=193,4k fragments per second        ||
||   99% completed, 2,3 mins elapsed, rate=193,3k fragments per second        ||
||                                                                            ||
||                           Completed successfully.                          ||
||                                                                            ||
\\====================================    ====================================//

//================================   Summary =================================\\
||                                                                            ||
||             Total fragments : 26.665.614                                   ||
||                      Mapped : 21.497.342 (80,6%)                           ||
||             Uniquely mapped : 21.497.342                                   ||
||               Multi-mapping : 0                                            ||
||                                                                            ||
||                    Unmapped : 5.168.272                                    ||
||                                                                            ||
||             Properly paired : 16.980.019                                   ||
||         Not properly paired : 4.517.323                                    ||
||                   Singleton : 3.435.229                                    ||
||                    Chimeric : 14.437                                       ||
||       Unexpected strandness : 29.789                                       ||
||  Unexpected fragment length : 942.403                                      ||
||       Unexpected read order : 95.465                                       ||
||                                                                            ||
||                      Indels : 52.261                                       ||
||                                                                            ||
||                Running time : 2,7 minutes                                  ||
||                                                                            ||
\\============================================================================//

