
        ==========     _____ _    _ ____  _____  ______          _____  
        =====         / ____| |  | |  _ \|  __ \|  ____|   /\   |  __ \ 
          =====      | (___ | |  | | |_) | |__) | |__     /  \  | |  | |
            ====      \___ \| |  | |  _ <|  _  /|  __|   / /\ \ | |  | |
              ====    ____) | |__| | |_) | | \ \| |____ / ____ \| |__| |
        ==========   |_____/ \____/|____/|_|  \_\______/_/    \_\_____/
	  v2.0.6

//================================= setting ==================================\\
||                                                                            ||
|| Function      : Read alignment (RNA-Seq)                                   ||
|| Input file 1  : ID-5_1.trimmed.fastq.gz                                    ||
|| Input file 2  : ID-5_2.trimmed.fastq.gz                                    ||
|| Output file   : ID-5.bam (BAM), Sorted                                     ||
|| Index name    : ilAntGemm2                                                 ||
||                                                                            ||
||                    ------------------------------------                    ||
||                                                                            ||
||                               Threads : 16                                 ||
||                          Phred offset : 33                                 ||
||               # of extracted subreads : 10                                 ||
||                        Min read1 vote : 3                                  ||
||                        Min read2 vote : 1                                  ||
||                     Max fragment size : 600                                ||
||                     Min fragment size : 50                                 ||
||                        Max mismatches : 3                                  ||
||                      Max indel length : 5                                  ||
||            Report multi-mapping reads : no                                 ||
|| Max alignments per multi-mapping read : 1                                  ||
||                                                                            ||
\\============================================================================//

//=============== Running (29-Jul-2026 23:57:21, pid=2569257) ================\\
||                                                                            ||
|| Check the input reads.                                                     ||
|| The input file contains base space reads.                                  ||
|| Initialise the memory objects.                                             ||
|| Estimate the mean read length.                                             ||
|| The range of Phred scores observed in the data is [2,40]                   ||
|| Create the output BAM file.                                                ||
|| Check the index.                                                           ||
|| Init the voting space.                                                     ||
|| Global environment is initialised.                                         ||
|| Load the 1-th index block...                                               ||
|| The index block has been loaded.                                           ||
|| Start read mapping in chunk.                                               ||
||    0% completed, 0,1 mins elapsed, rate=220,6k fragments per second        ||
||    6% completed, 0,2 mins elapsed, rate=222,0k fragments per second        ||
||   Estimated fragment length : 189 bp                                       ||
||    9% completed, 0,2 mins elapsed, rate=169,2k fragments per second        ||
||    9% completed, 0,2 mins elapsed, rate=171,0k fragments per second        ||
||   10% completed, 0,3 mins elapsed, rate=172,6k fragments per second        ||
||   10% completed, 0,3 mins elapsed, rate=174,1k fragments per second        ||
||   11% completed, 0,3 mins elapsed, rate=175,5k fragments per second        ||
||   11% completed, 0,3 mins elapsed, rate=176,8k fragments per second        ||
||   11% completed, 0,3 mins elapsed, rate=178,1k fragments per second        ||
||   12% completed, 0,3 mins elapsed, rate=179,2k fragments per second        ||
||   12% completed, 0,3 mins elapsed, rate=180,2k fragments per second        ||
|| Start read mapping in chunk.                                               ||
||   13% completed, 0,3 mins elapsed, rate=207,2k fragments per second        ||
||   20% completed, 0,5 mins elapsed, rate=215,2k fragments per second        ||
||   22% completed, 0,5 mins elapsed, rate=190,0k fragments per second        ||
||   23% completed, 0,5 mins elapsed, rate=189,9k fragments per second        ||
||   23% completed, 0,5 mins elapsed, rate=189,8k fragments per second        ||
||   24% completed, 0,6 mins elapsed, rate=189,6k fragments per second        ||
||   24% completed, 0,6 mins elapsed, rate=189,5k fragments per second        ||
||   25% completed, 0,6 mins elapsed, rate=189,3k fragments per second        ||
||   25% completed, 0,6 mins elapsed, rate=189,0k fragments per second        ||
||   26% completed, 0,6 mins elapsed, rate=188,7k fragments per second        ||
||   26% completed, 0,6 mins elapsed, rate=188,6k fragments per second        ||
|| Start read mapping in chunk.                                               ||
||   27% completed, 0,6 mins elapsed, rate=202,4k fragments per second        ||
||   33% completed, 0,8 mins elapsed, rate=205,1k fragments per second        ||
||   36% completed, 0,8 mins elapsed, rate=189,5k fragments per second        ||
||   36% completed, 0,8 mins elapsed, rate=188,9k fragments per second        ||
||   36% completed, 0,9 mins elapsed, rate=188,4k fragments per second        ||
||   37% completed, 0,9 mins elapsed, rate=187,8k fragments per second        ||
||   37% completed, 0,9 mins elapsed, rate=187,3k fragments per second        ||
||   38% completed, 0,9 mins elapsed, rate=186,5k fragments per second        ||
||   39% completed, 0,9 mins elapsed, rate=185,8k fragments per second        ||
||   39% completed, 0,9 mins elapsed, rate=185,3k fragments per second        ||
||   39% completed, 0,9 mins elapsed, rate=185,0k fragments per second        ||
|| Start read mapping in chunk.                                               ||
||   40% completed, 1,0 mins elapsed, rate=193,2k fragments per second        ||
||   47% completed, 1,1 mins elapsed, rate=201,7k fragments per second        ||
||   49% completed, 1,1 mins elapsed, rate=192,3k fragments per second        ||
||   50% completed, 1,1 mins elapsed, rate=192,2k fragments per second        ||
||   50% completed, 1,1 mins elapsed, rate=192,1k fragments per second        ||
||   51% completed, 1,2 mins elapsed, rate=191,9k fragments per second        ||
||   51% completed, 1,2 mins elapsed, rate=191,6k fragments per second        ||
||   52% completed, 1,2 mins elapsed, rate=191,5k fragments per second        ||
||   52% completed, 1,2 mins elapsed, rate=191,4k fragments per second        ||
||   53% completed, 1,2 mins elapsed, rate=191,3k fragments per second        ||
|| Start read mapping in chunk.                                               ||
||   54% completed, 1,2 mins elapsed, rate=198,6k fragments per second        ||
||   60% completed, 1,3 mins elapsed, rate=204,6k fragments per second        ||
||   62% completed, 1,4 mins elapsed, rate=195,3k fragments per second        ||
||   63% completed, 1,4 mins elapsed, rate=194,4k fragments per second        ||
||   64% completed, 1,4 mins elapsed, rate=193,3k fragments per second        ||
||   64% completed, 1,5 mins elapsed, rate=192,7k fragments per second        ||
||   64% completed, 1,5 mins elapsed, rate=192,1k fragments per second        ||
||   65% completed, 1,5 mins elapsed, rate=191,3k fragments per second        ||
||   65% completed, 1,5 mins elapsed, rate=190,5k fragments per second        ||
||   66% completed, 1,5 mins elapsed, rate=189,8k fragments per second        ||
||   66% completed, 1,5 mins elapsed, rate=189,1k fragments per second        ||
|| Start read mapping in chunk.                                               ||
||   67% completed, 1,6 mins elapsed, rate=194,1k fragments per second        ||
||   73% completed, 1,7 mins elapsed, rate=196,4k fragments per second        ||
||   76% completed, 1,7 mins elapsed, rate=189,6k fragments per second        ||
||   76% completed, 1,8 mins elapsed, rate=189,2k fragments per second        ||
||   77% completed, 1,8 mins elapsed, rate=188,8k fragments per second        ||
||   77% completed, 1,8 mins elapsed, rate=188,4k fragments per second        ||
||   77% completed, 1,8 mins elapsed, rate=187,8k fragments per second        ||
||   78% completed, 1,8 mins elapsed, rate=187,1k fragments per second        ||
||   78% completed, 1,8 mins elapsed, rate=186,6k fragments per second        ||
||   79% completed, 1,8 mins elapsed, rate=185,7k fragments per second        ||
||   80% completed, 1,9 mins elapsed, rate=184,3k fragments per second        ||
|| Start read mapping in chunk.                                               ||
||   81% completed, 1,9 mins elapsed, rate=188,2k fragments per second        ||
||   87% completed, 2,0 mins elapsed, rate=190,1k fragments per second        ||
||   90% completed, 2,1 mins elapsed, rate=184,3k fragments per second        ||
||   90% completed, 2,1 mins elapsed, rate=183,8k fragments per second        ||
||   90% completed, 2,1 mins elapsed, rate=183,4k fragments per second        ||
||   91% completed, 2,1 mins elapsed, rate=183,0k fragments per second        ||
||   91% completed, 2,2 mins elapsed, rate=182,5k fragments per second        ||
||   92% completed, 2,2 mins elapsed, rate=182,0k fragments per second        ||
||   92% completed, 2,2 mins elapsed, rate=181,3k fragments per second        ||
||   93% completed, 2,2 mins elapsed, rate=180,6k fragments per second        ||
||   93% completed, 2,2 mins elapsed, rate=179,9k fragments per second        ||
||   94% completed, 2,3 mins elapsed, rate=179,1k fragments per second        ||
|| Start read mapping in chunk.                                               ||
||   95% completed, 2,3 mins elapsed, rate=182,6k fragments per second        ||
||   98% completed, 2,4 mins elapsed, rate=179,3k fragments per second        ||
||   98% completed, 2,4 mins elapsed, rate=179,1k fragments per second        ||
||   98% completed, 2,4 mins elapsed, rate=178,9k fragments per second        ||
||   98% completed, 2,4 mins elapsed, rate=178,7k fragments per second        ||
||   99% completed, 2,4 mins elapsed, rate=178,5k fragments per second        ||
||   99% completed, 2,4 mins elapsed, rate=178,4k fragments per second        ||
||   99% completed, 2,4 mins elapsed, rate=178,2k fragments per second        ||
||   99% completed, 2,4 mins elapsed, rate=178,0k fragments per second        ||
||   99% completed, 2,4 mins elapsed, rate=177,8k fragments per second        ||
||   99% completed, 2,4 mins elapsed, rate=177,6k fragments per second        ||
||                                                                            ||
||                           Completed successfully.                          ||
||                                                                            ||
\\====================================    ====================================//

//================================   Summary =================================\\
||                                                                            ||
||             Total fragments : 25.828.676                                   ||
||                      Mapped : 20.590.581 (79,7%)                           ||
||             Uniquely mapped : 20.590.581                                   ||
||               Multi-mapping : 0                                            ||
||                                                                            ||
||                    Unmapped : 5.238.095                                    ||
||                                                                            ||
||             Properly paired : 16.226.911                                   ||
||         Not properly paired : 4.363.670                                    ||
||                   Singleton : 3.157.654                                    ||
||                    Chimeric : 19.134                                       ||
||       Unexpected strandness : 13.038                                       ||
||  Unexpected fragment length : 1.088.907                                    ||
||       Unexpected read order : 84.937                                       ||
||                                                                            ||
||                      Indels : 50.763                                       ||
||                                                                            ||
||                Running time : 2,8 minutes                                  ||
||                                                                            ||
\\============================================================================//

