
        ==========     _____ _    _ ____  _____  ______          _____  
        =====         / ____| |  | |  _ \|  __ \|  ____|   /\   |  __ \ 
          =====      | (___ | |  | | |_) | |__) | |__     /  \  | |  | |
            ====      \___ \| |  | |  _ <|  _  /|  __|   / /\ \ | |  | |
              ====    ____) | |__| | |_) | | \ \| |____ / ____ \| |__| |
        ==========   |_____/ \____/|____/|_|  \_\______/_/    \_\_____/
	  v2.0.6

//================================= setting ==================================\\
||                                                                            ||
|| Function      : Read alignment (RNA-Seq)                                   ||
|| Input file 1  : ID-7_1.trimmed.fastq.gz                                    ||
|| Input file 2  : ID-7_2.trimmed.fastq.gz                                    ||
|| Output file   : ID-7.bam (BAM), Sorted                                     ||
|| Index name    : ilAntGemm2                                                 ||
||                                                                            ||
||                    ------------------------------------                    ||
||                                                                            ||
||                               Threads : 16                                 ||
||                          Phred offset : 33                                 ||
||               # of extracted subreads : 10                                 ||
||                        Min read1 vote : 3                                  ||
||                        Min read2 vote : 1                                  ||
||                     Max fragment size : 600                                ||
||                     Min fragment size : 50                                 ||
||                        Max mismatches : 3                                  ||
||                      Max indel length : 5                                  ||
||            Report multi-mapping reads : no                                 ||
|| Max alignments per multi-mapping read : 1                                  ||
||                                                                            ||
\\============================================================================//

//=============== Running (30-Jul-2026 00:00:22, pid=2569838) ================\\
||                                                                            ||
|| Check the input reads.                                                     ||
|| The input file contains base space reads.                                  ||
|| Initialise the memory objects.                                             ||
|| Estimate the mean read length.                                             ||
|| The range of Phred scores observed in the data is [2,40]                   ||
|| Create the output BAM file.                                                ||
|| Check the index.                                                           ||
|| Init the voting space.                                                     ||
|| Global environment is initialised.                                         ||
|| Load the 1-th index block...                                               ||
|| The index block has been loaded.                                           ||
|| Start read mapping in chunk.                                               ||
||    0% completed, 0,1 mins elapsed, rate=217,6k fragments per second        ||
||    8% completed, 0,2 mins elapsed, rate=216,8k fragments per second        ||
||   Estimated fragment length : 188 bp                                       ||
||   12% completed, 0,2 mins elapsed, rate=164,1k fragments per second        ||
||   12% completed, 0,3 mins elapsed, rate=164,9k fragments per second        ||
||   13% completed, 0,3 mins elapsed, rate=165,8k fragments per second        ||
||   14% completed, 0,3 mins elapsed, rate=166,8k fragments per second        ||
||   14% completed, 0,3 mins elapsed, rate=167,8k fragments per second        ||
||   15% completed, 0,3 mins elapsed, rate=168,9k fragments per second        ||
||   15% completed, 0,3 mins elapsed, rate=169,7k fragments per second        ||
||   16% completed, 0,3 mins elapsed, rate=170,7k fragments per second        ||
||   16% completed, 0,3 mins elapsed, rate=171,5k fragments per second        ||
||   17% completed, 0,3 mins elapsed, rate=172,3k fragments per second        ||
|| Start read mapping in chunk.                                               ||
||   18% completed, 0,4 mins elapsed, rate=196,7k fragments per second        ||
||   24% completed, 0,4 mins elapsed, rate=204,2k fragments per second        ||
||   30% completed, 0,5 mins elapsed, rate=184,6k fragments per second        ||
||   30% completed, 0,5 mins elapsed, rate=184,2k fragments per second        ||
||   31% completed, 0,6 mins elapsed, rate=183,9k fragments per second        ||
||   32% completed, 0,6 mins elapsed, rate=183,7k fragments per second        ||
||   32% completed, 0,6 mins elapsed, rate=183,5k fragments per second        ||
||   33% completed, 0,6 mins elapsed, rate=183,2k fragments per second        ||
||   33% completed, 0,6 mins elapsed, rate=182,9k fragments per second        ||
||   34% completed, 0,6 mins elapsed, rate=182,7k fragments per second        ||
||   35% completed, 0,6 mins elapsed, rate=182,5k fragments per second        ||
||   35% completed, 0,6 mins elapsed, rate=182,5k fragments per second        ||
|| Start read mapping in chunk.                                               ||
||   36% completed, 0,7 mins elapsed, rate=195,8k fragments per second        ||
||   43% completed, 0,8 mins elapsed, rate=201,7k fragments per second        ||
||   48% completed, 0,8 mins elapsed, rate=188,4k fragments per second        ||
||   49% completed, 0,9 mins elapsed, rate=187,8k fragments per second        ||
||   50% completed, 0,9 mins elapsed, rate=187,2k fragments per second        ||
||   50% completed, 0,9 mins elapsed, rate=186,6k fragments per second        ||
||   51% completed, 0,9 mins elapsed, rate=186,0k fragments per second        ||
||   52% completed, 0,9 mins elapsed, rate=185,7k fragments per second        ||
||   52% completed, 0,9 mins elapsed, rate=185,3k fragments per second        ||
||   53% completed, 0,9 mins elapsed, rate=185,0k fragments per second        ||
||   53% completed, 0,9 mins elapsed, rate=184,7k fragments per second        ||
|| Start read mapping in chunk.                                               ||
||   54% completed, 1,0 mins elapsed, rate=192,8k fragments per second        ||
||   60% completed, 1,0 mins elapsed, rate=196,0k fragments per second        ||
||   66% completed, 1,1 mins elapsed, rate=187,4k fragments per second        ||
||   67% completed, 1,2 mins elapsed, rate=186,7k fragments per second        ||
||   68% completed, 1,2 mins elapsed, rate=186,0k fragments per second        ||
||   68% completed, 1,2 mins elapsed, rate=185,6k fragments per second        ||
||   69% completed, 1,2 mins elapsed, rate=185,3k fragments per second        ||
||   70% completed, 1,2 mins elapsed, rate=185,0k fragments per second        ||
||   70% completed, 1,2 mins elapsed, rate=184,5k fragments per second        ||
||   71% completed, 1,3 mins elapsed, rate=184,1k fragments per second        ||
||   71% completed, 1,3 mins elapsed, rate=183,8k fragments per second        ||
|| Start read mapping in chunk.                                               ||
||   72% completed, 1,3 mins elapsed, rate=190,0k fragments per second        ||
||   79% completed, 1,4 mins elapsed, rate=191,9k fragments per second        ||
||   84% completed, 1,5 mins elapsed, rate=185,0k fragments per second        ||
||   85% completed, 1,5 mins elapsed, rate=184,4k fragments per second        ||
||   86% completed, 1,5 mins elapsed, rate=184,1k fragments per second        ||
||   87% completed, 1,5 mins elapsed, rate=183,5k fragments per second        ||
||   87% completed, 1,5 mins elapsed, rate=183,2k fragments per second        ||
||   88% completed, 1,6 mins elapsed, rate=183,0k fragments per second        ||
||   88% completed, 1,6 mins elapsed, rate=182,8k fragments per second        ||
||   89% completed, 1,6 mins elapsed, rate=182,7k fragments per second        ||
||   89% completed, 1,6 mins elapsed, rate=182,4k fragments per second        ||
||   90% completed, 1,6 mins elapsed, rate=182,1k fragments per second        ||
|| Start read mapping in chunk.                                               ||
||   91% completed, 1,6 mins elapsed, rate=187,3k fragments per second        ||
||   97% completed, 1,7 mins elapsed, rate=182,9k fragments per second        ||
||   97% completed, 1,7 mins elapsed, rate=182,7k fragments per second        ||
||   98% completed, 1,7 mins elapsed, rate=182,5k fragments per second        ||
||   98% completed, 1,7 mins elapsed, rate=182,4k fragments per second        ||
||   98% completed, 1,7 mins elapsed, rate=182,3k fragments per second        ||
||   98% completed, 1,7 mins elapsed, rate=182,2k fragments per second        ||
||   99% completed, 1,7 mins elapsed, rate=182,0k fragments per second        ||
||   99% completed, 1,8 mins elapsed, rate=181,9k fragments per second        ||
||   99% completed, 1,8 mins elapsed, rate=181,8k fragments per second        ||
||                                                                            ||
||                           Completed successfully.                          ||
||                                                                            ||
\\====================================    ====================================//

//================================   Summary =================================\\
||                                                                            ||
||             Total fragments : 19.221.793                                   ||
||                      Mapped : 15.055.328 (78,3%)                           ||
||             Uniquely mapped : 15.055.328                                   ||
||               Multi-mapping : 0                                            ||
||                                                                            ||
||                    Unmapped : 4.166.465                                    ||
||                                                                            ||
||             Properly paired : 12.307.551                                   ||
||         Not properly paired : 2.747.777                                    ||
||                   Singleton : 2.091.499                                    ||
||                    Chimeric : 8.061                                        ||
||       Unexpected strandness : 13.114                                       ||
||  Unexpected fragment length : 570.678                                      ||
||       Unexpected read order : 64.425                                       ||
||                                                                            ||
||                      Indels : 25.974                                       ||
||                                                                            ||
||                Running time : 2,0 minutes                                  ||
||                                                                            ||
\\============================================================================//

