
        ==========     _____ _    _ ____  _____  ______          _____  
        =====         / ____| |  | |  _ \|  __ \|  ____|   /\   |  __ \ 
          =====      | (___ | |  | | |_) | |__) | |__     /  \  | |  | |
            ====      \___ \| |  | |  _ <|  _  /|  __|   / /\ \ | |  | |
              ====    ____) | |__| | |_) | | \ \| |____ / ____ \| |__| |
        ==========   |_____/ \____/|____/|_|  \_\______/_/    \_\_____/
	  v2.0.6

//================================= setting ==================================\\
||                                                                            ||
|| Function      : Read alignment (RNA-Seq)                                   ||
|| Input file 1  : ID-9_1.trimmed.fastq.gz                                    ||
|| Input file 2  : ID-9_2.trimmed.fastq.gz                                    ||
|| Output file   : ID-9.bam (BAM), Sorted                                     ||
|| Index name    : ilAntGemm2                                                 ||
||                                                                            ||
||                    ------------------------------------                    ||
||                                                                            ||
||                               Threads : 16                                 ||
||                          Phred offset : 33                                 ||
||               # of extracted subreads : 10                                 ||
||                        Min read1 vote : 3                                  ||
||                        Min read2 vote : 1                                  ||
||                     Max fragment size : 600                                ||
||                     Min fragment size : 50                                 ||
||                        Max mismatches : 3                                  ||
||                      Max indel length : 5                                  ||
||            Report multi-mapping reads : no                                 ||
|| Max alignments per multi-mapping read : 1                                  ||
||                                                                            ||
\\============================================================================//

//=============== Running (30-Jul-2026 00:05:26, pid=2571785) ================\\
||                                                                            ||
|| Check the input reads.                                                     ||
|| The input file contains base space reads.                                  ||
|| Initialise the memory objects.                                             ||
|| Estimate the mean read length.                                             ||
|| The range of Phred scores observed in the data is [2,40]                   ||
|| Create the output BAM file.                                                ||
|| Check the index.                                                           ||
|| Init the voting space.                                                     ||
|| Global environment is initialised.                                         ||
|| Load the 1-th index block...                                               ||
|| The index block has been loaded.                                           ||
|| Start read mapping in chunk.                                               ||
||    0% completed, 0,1 mins elapsed, rate=241,5k fragments per second        ||
||    7% completed, 0,2 mins elapsed, rate=252,6k fragments per second        ||
||   Estimated fragment length : 194 bp                                       ||
||    9% completed, 0,2 mins elapsed, rate=183,4k fragments per second        ||
||    9% completed, 0,2 mins elapsed, rate=184,1k fragments per second        ||
||   10% completed, 0,2 mins elapsed, rate=185,1k fragments per second        ||
||   10% completed, 0,3 mins elapsed, rate=185,8k fragments per second        ||
||   11% completed, 0,3 mins elapsed, rate=186,4k fragments per second        ||
||   11% completed, 0,3 mins elapsed, rate=187,0k fragments per second        ||
||   11% completed, 0,3 mins elapsed, rate=187,7k fragments per second        ||
||   12% completed, 0,3 mins elapsed, rate=188,2k fragments per second        ||
||   12% completed, 0,3 mins elapsed, rate=188,5k fragments per second        ||
||   13% completed, 0,3 mins elapsed, rate=189,2k fragments per second        ||
|| Start read mapping in chunk.                                               ||
||   13% completed, 0,3 mins elapsed, rate=220,1k fragments per second        ||
||   20% completed, 0,4 mins elapsed, rate=233,4k fragments per second        ||
||   22% completed, 0,5 mins elapsed, rate=204,1k fragments per second        ||
||   23% completed, 0,5 mins elapsed, rate=202,3k fragments per second        ||
||   23% completed, 0,5 mins elapsed, rate=201,1k fragments per second        ||
||   24% completed, 0,5 mins elapsed, rate=199,9k fragments per second        ||
||   24% completed, 0,5 mins elapsed, rate=198,9k fragments per second        ||
||   25% completed, 0,6 mins elapsed, rate=198,3k fragments per second        ||
||   25% completed, 0,6 mins elapsed, rate=197,7k fragments per second        ||
||   25% completed, 0,6 mins elapsed, rate=197,1k fragments per second        ||
||   26% completed, 0,6 mins elapsed, rate=196,6k fragments per second        ||
||   26% completed, 0,6 mins elapsed, rate=195,9k fragments per second        ||
|| Start read mapping in chunk.                                               ||
||   27% completed, 0,6 mins elapsed, rate=210,6k fragments per second        ||
||   33% completed, 0,7 mins elapsed, rate=220,2k fragments per second        ||
||   36% completed, 0,8 mins elapsed, rate=203,6k fragments per second        ||
||   36% completed, 0,8 mins elapsed, rate=202,4k fragments per second        ||
||   37% completed, 0,8 mins elapsed, rate=200,8k fragments per second        ||
||   37% completed, 0,8 mins elapsed, rate=199,9k fragments per second        ||
||   38% completed, 0,8 mins elapsed, rate=199,0k fragments per second        ||
||   38% completed, 0,8 mins elapsed, rate=198,2k fragments per second        ||
||   38% completed, 0,9 mins elapsed, rate=197,3k fragments per second        ||
||   39% completed, 0,9 mins elapsed, rate=196,4k fragments per second        ||
||   39% completed, 0,9 mins elapsed, rate=195,6k fragments per second        ||
||   40% completed, 0,9 mins elapsed, rate=194,7k fragments per second        ||
|| Start read mapping in chunk.                                               ||
||   40% completed, 0,9 mins elapsed, rate=203,9k fragments per second        ||
||   47% completed, 1,0 mins elapsed, rate=209,6k fragments per second        ||
||   49% completed, 1,1 mins elapsed, rate=197,3k fragments per second        ||
||   50% completed, 1,1 mins elapsed, rate=196,0k fragments per second        ||
||   50% completed, 1,1 mins elapsed, rate=195,0k fragments per second        ||
||   51% completed, 1,1 mins elapsed, rate=194,1k fragments per second        ||
||   51% completed, 1,2 mins elapsed, rate=193,0k fragments per second        ||
||   52% completed, 1,2 mins elapsed, rate=192,0k fragments per second        ||
||   53% completed, 1,2 mins elapsed, rate=189,7k fragments per second        ||
||   53% completed, 1,2 mins elapsed, rate=188,8k fragments per second        ||
|| Start read mapping in chunk.                                               ||
||   54% completed, 1,3 mins elapsed, rate=195,2k fragments per second        ||
||   60% completed, 1,4 mins elapsed, rate=200,2k fragments per second        ||
||   63% completed, 1,4 mins elapsed, rate=191,8k fragments per second        ||
||   63% completed, 1,4 mins elapsed, rate=190,8k fragments per second        ||
||   64% completed, 1,5 mins elapsed, rate=189,8k fragments per second        ||
||   64% completed, 1,5 mins elapsed, rate=189,0k fragments per second        ||
||   65% completed, 1,5 mins elapsed, rate=187,9k fragments per second        ||
||   65% completed, 1,5 mins elapsed, rate=186,9k fragments per second        ||
||   66% completed, 1,5 mins elapsed, rate=186,0k fragments per second        ||
||   66% completed, 1,6 mins elapsed, rate=185,3k fragments per second        ||
||   66% completed, 1,6 mins elapsed, rate=184,4k fragments per second        ||
|| Start read mapping in chunk.                                               ||
||   67% completed, 1,6 mins elapsed, rate=189,3k fragments per second        ||
||   75% completed, 1,7 mins elapsed, rate=193,9k fragments per second        ||
||   77% completed, 1,8 mins elapsed, rate=186,2k fragments per second        ||
||   77% completed, 1,8 mins elapsed, rate=185,5k fragments per second        ||
||   77% completed, 1,8 mins elapsed, rate=184,8k fragments per second        ||
||   78% completed, 1,8 mins elapsed, rate=184,1k fragments per second        ||
||   78% completed, 1,8 mins elapsed, rate=183,5k fragments per second        ||
||   79% completed, 1,9 mins elapsed, rate=183,0k fragments per second        ||
||   79% completed, 1,9 mins elapsed, rate=182,3k fragments per second        ||
||   79% completed, 1,9 mins elapsed, rate=181,7k fragments per second        ||
||   80% completed, 1,9 mins elapsed, rate=181,2k fragments per second        ||
||   80% completed, 1,9 mins elapsed, rate=180,7k fragments per second        ||
|| Start read mapping in chunk.                                               ||
||   81% completed, 2,0 mins elapsed, rate=184,8k fragments per second        ||
||   88% completed, 2,1 mins elapsed, rate=188,4k fragments per second        ||
||   90% completed, 2,1 mins elapsed, rate=182,5k fragments per second        ||
||   91% completed, 2,2 mins elapsed, rate=181,8k fragments per second        ||
||   91% completed, 2,2 mins elapsed, rate=181,0k fragments per second        ||
||   92% completed, 2,2 mins elapsed, rate=180,3k fragments per second        ||
||   93% completed, 2,2 mins elapsed, rate=179,6k fragments per second        ||
||   93% completed, 2,2 mins elapsed, rate=179,0k fragments per second        ||
||   94% completed, 2,3 mins elapsed, rate=178,2k fragments per second        ||
||   94% completed, 2,3 mins elapsed, rate=177,7k fragments per second        ||
|| Start read mapping in chunk.                                               ||
||   95% completed, 2,3 mins elapsed, rate=180,7k fragments per second        ||
||   98% completed, 2,4 mins elapsed, rate=177,9k fragments per second        ||
||   98% completed, 2,4 mins elapsed, rate=177,6k fragments per second        ||
||   98% completed, 2,4 mins elapsed, rate=177,5k fragments per second        ||
||   99% completed, 2,4 mins elapsed, rate=177,3k fragments per second        ||
||   99% completed, 2,4 mins elapsed, rate=177,1k fragments per second        ||
||   99% completed, 2,4 mins elapsed, rate=176,9k fragments per second        ||
||   99% completed, 2,4 mins elapsed, rate=176,7k fragments per second        ||
||   99% completed, 2,4 mins elapsed, rate=176,6k fragments per second        ||
||   99% completed, 2,4 mins elapsed, rate=176,4k fragments per second        ||
||                                                                            ||
||                           Completed successfully.                          ||
||                                                                            ||
\\====================================    ====================================//

//================================   Summary =================================\\
||                                                                            ||
||             Total fragments : 25.678.937                                   ||
||                      Mapped : 21.262.158 (82,8%)                           ||
||             Uniquely mapped : 21.262.158                                   ||
||               Multi-mapping : 0                                            ||
||                                                                            ||
||                    Unmapped : 4.416.779                                    ||
||                                                                            ||
||             Properly paired : 16.875.308                                   ||
||         Not properly paired : 4.386.850                                    ||
||                   Singleton : 3.059.982                                    ||
||                    Chimeric : 12.173                                       ||
||       Unexpected strandness : 10.413                                       ||
||  Unexpected fragment length : 1.226.490                                    ||
||       Unexpected read order : 77.792                                       ||
||                                                                            ||
||                      Indels : 32.069                                       ||
||                                                                            ||
||                Running time : 2,7 minutes                                  ||
||                                                                            ||
\\============================================================================//

