[2026-07-30 12:11:26.572] [jointLog] [info] setting maxHashResizeThreads to 16
[2026-07-30 12:11:26.572] [jointLog] [info] Fragment incompatibility prior below threshold.  Incompatible fragments will be ignored.
[2026-07-30 12:11:26.572] [jointLog] [info] Usage of --validateMappings implies use of minScoreFraction. Since not explicitly specified, it is being set to 0.65
[2026-07-30 12:11:26.572] [jointLog] [info] Setting consensusSlack to selective-alignment default of 0.35.
[2026-07-30 12:11:26.572] [jointLog] [info] parsing read library format
[2026-07-30 12:11:26.572] [jointLog] [info] There is 1 library.
[2026-07-30 12:11:26.572] [jointLog] [info] Loading pufferfish index
[2026-07-30 12:11:26.572] [jointLog] [info] Loading dense pufferfish index.
[2026-07-30 12:11:27.609] [jointLog] [info] done
[2026-07-30 12:11:27.623] [jointLog] [info] Index contained 25,070 targets
[2026-07-30 12:11:27.801] [jointLog] [info] Number of decoys : 41
[2026-07-30 12:11:27.801] [jointLog] [info] First decoy index : 25,029 
[2026-07-30 12:12:22.327] [jointLog] [info] Thread saw mini-batch with a maximum of 0.38% zero probability fragments
[2026-07-30 12:12:22.329] [jointLog] [info] Thread saw mini-batch with a maximum of 0.34% zero probability fragments
[2026-07-30 12:12:22.336] [jointLog] [info] Thread saw mini-batch with a maximum of 0.36% zero probability fragments
[2026-07-30 12:12:22.359] [jointLog] [info] Thread saw mini-batch with a maximum of 0.40% zero probability fragments
[2026-07-30 12:12:22.366] [jointLog] [info] Thread saw mini-batch with a maximum of 0.32% zero probability fragments
[2026-07-30 12:12:22.368] [jointLog] [info] Thread saw mini-batch with a maximum of 0.38% zero probability fragments
[2026-07-30 12:12:22.392] [jointLog] [info] Thread saw mini-batch with a maximum of 0.34% zero probability fragments
[2026-07-30 12:12:22.397] [jointLog] [info] Thread saw mini-batch with a maximum of 0.34% zero probability fragments
[2026-07-30 12:12:22.405] [jointLog] [info] Thread saw mini-batch with a maximum of 0.30% zero probability fragments
[2026-07-30 12:12:22.409] [jointLog] [info] Thread saw mini-batch with a maximum of 0.36% zero probability fragments
[2026-07-30 12:12:22.420] [jointLog] [info] Thread saw mini-batch with a maximum of 0.38% zero probability fragments
[2026-07-30 12:12:22.424] [jointLog] [info] Thread saw mini-batch with a maximum of 0.36% zero probability fragments
[2026-07-30 12:12:22.432] [jointLog] [info] Thread saw mini-batch with a maximum of 0.38% zero probability fragments
[2026-07-30 12:12:22.442] [jointLog] [info] Thread saw mini-batch with a maximum of 0.40% zero probability fragments
[2026-07-30 12:12:22.454] [jointLog] [info] Thread saw mini-batch with a maximum of 0.36% zero probability fragments
[2026-07-30 12:12:22.486] [jointLog] [info] Thread saw mini-batch with a maximum of 0.36% zero probability fragments
[2026-07-30 12:12:22.510] [jointLog] [info] Computed 19,443 rich equivalence classes for further processing
[2026-07-30 12:12:22.510] [jointLog] [info] Counted 22,444,274 total reads in the equivalence classes 
[2026-07-30 12:12:22.515] [jointLog] [info] Number of mappings discarded because of alignment score : 12,260,030
[2026-07-30 12:12:22.515] [jointLog] [info] Number of fragments entirely discarded because of alignment score : 1,091,384
[2026-07-30 12:12:22.515] [jointLog] [info] Number of fragments discarded because they are best-mapped to decoys : 483,284
[2026-07-30 12:12:22.515] [jointLog] [info] Number of fragments discarded because they have only dovetail (discordant) mappings to valid targets : 124,851
[2026-07-30 12:12:22.515] [jointLog] [info] Mapping rate = 86.7986%

[2026-07-30 12:12:22.515] [jointLog] [info] finished quantifyLibrary()
[2026-07-30 12:12:22.515] [jointLog] [info] Starting optimizer
[2026-07-30 12:12:22.518] [jointLog] [info] Marked 0 weighted equivalence classes as degenerate
[2026-07-30 12:12:22.518] [jointLog] [info] iteration = 0 | max rel diff. = 46598.3
[2026-07-30 12:12:22.523] [jointLog] [info] iteration 11, adjusting effective lengths to account for biases
[2026-07-30 12:12:22.510] [fileLog] [info] 
At end of round 0
==================
Observed 25857875 total fragments (25857875 in most recent round)

[2026-07-30 12:12:24.235] [jointLog] [info] Computed expected counts (for bias correction)
[2026-07-30 12:12:24.235] [jointLog] [info] processed bias for 0.0% of the transcripts
[2026-07-30 12:12:24.366] [jointLog] [info] processed bias for 10.0% of the transcripts
[2026-07-30 12:12:24.515] [jointLog] [info] processed bias for 20.0% of the transcripts
[2026-07-30 12:12:24.658] [jointLog] [info] processed bias for 30.0% of the transcripts
[2026-07-30 12:12:24.815] [jointLog] [info] processed bias for 40.0% of the transcripts
[2026-07-30 12:12:24.983] [jointLog] [info] processed bias for 50.0% of the transcripts
[2026-07-30 12:12:25.137] [jointLog] [info] processed bias for 60.0% of the transcripts
[2026-07-30 12:12:25.286] [jointLog] [info] processed bias for 70.0% of the transcripts
[2026-07-30 12:12:25.419] [jointLog] [info] processed bias for 80.0% of the transcripts
[2026-07-30 12:12:25.567] [jointLog] [info] processed bias for 90.0% of the transcripts
[2026-07-30 12:12:25.721] [jointLog] [info] processed bias for 100.0% of the transcripts
[2026-07-30 12:12:25.723] [jointLog] [info] processed bias for 100.0% of the transcripts
[2026-07-30 12:12:25.752] [jointLog] [info] iteration = 100 | max rel diff. = 15.4656
[2026-07-30 12:12:25.783] [jointLog] [info] iteration = 200 | max rel diff. = 9.5538
[2026-07-30 12:12:25.812] [jointLog] [info] iteration = 300 | max rel diff. = 1.08686
[2026-07-30 12:12:25.841] [jointLog] [info] iteration = 400 | max rel diff. = 0.442861
[2026-07-30 12:12:25.871] [jointLog] [info] iteration = 500 | max rel diff. = 0.500722
[2026-07-30 12:12:25.904] [jointLog] [info] iteration = 600 | max rel diff. = 0.141484
[2026-07-30 12:12:25.935] [jointLog] [info] iteration = 700 | max rel diff. = 0.0226819
[2026-07-30 12:12:25.964] [jointLog] [info] iteration = 800 | max rel diff. = 0.137582
[2026-07-30 12:12:25.993] [jointLog] [info] iteration = 900 | max rel diff. = 0.187615
[2026-07-30 12:12:26.022] [jointLog] [info] iteration = 1,000 | max rel diff. = 0.0222755
[2026-07-30 12:12:26.035] [jointLog] [info] iteration = 1,046 | max rel diff. = 0.00885145
[2026-07-30 12:12:26.035] [jointLog] [info] Finished optimizer
[2026-07-30 12:12:26.035] [jointLog] [info] writing output 

